******************************************************************************
             TMS320C2000 Linker PC v22.6.1                     
******************************************************************************
>> Linked Mon Sep 23 10:31:51 2024

OUTPUT FILE NAME:   <Numerical.out>
ENTRY POINT SYMBOL: "_c_int00"  address: 00008fa9


MEMORY CONFIGURATION

         name            origin    length      used     unused   attr    fill
----------------------  --------  ---------  --------  --------  ----  --------
PAGE 0:
  BEGIN                 00000000   00000002  00000000  00000002  RWIX
  RAMM0                 00000123   000002dd  0000007d  00000260  RWIX
  RAMLS0                00008000   00000800  00000800  00000000  RWIX
  RAMLS1                00008800   00000800  000007ff  00000001  RWIX
  RAMLS2                00009000   00000800  00000613  000001ed  RWIX
  RAMLS3                00009800   00000800  00000000  00000800  RWIX
  RAMLS4                0000a000   00000800  00000000  00000800  RWIX
  RAMD0                 0000b000   00000800  00000800  00000000  RWIX
  FLASHA                00080002   00001ffe  00000000  00001ffe  RWIX
  FLASHB                00082000   00002000  00000000  00002000  RWIX
  FLASHC                00084000   00002000  00000000  00002000  RWIX
  FLASHD                00086000   00002000  00000000  00002000  RWIX
  FLASHE                00088000   00008000  00000000  00008000  RWIX
  FLASHF                00090000   00008000  00000000  00008000  RWIX
  FLASHG                00098000   00008000  00000000  00008000  RWIX
  FLASHH                000a0000   00008000  00000000  00008000  RWIX
  FLASHI                000a8000   00008000  00000000  00008000  RWIX
  FLASHJ                000b0000   00008000  00000000  00008000  RWIX
  FLASHK                000b8000   00002000  00000000  00002000  RWIX
  FLASHL                000ba000   00002000  00000000  00002000  RWIX
  FLASHM                000bc000   00002000  00000000  00002000  RWIX
  FLASHN                000be000   00001ff0  00000000  00001ff0  RWIX
  RESET                 003fffc0   00000002  00000000  00000002  RWIX

PAGE 1:
  BOOT_RSVD             00000002   00000121  00000000  00000121  RWIX
  RAMM1                 00000400   000003f8  00000200  000001f8  RWIX
  RAMLS5                0000a800   00000800  000007b0  00000050  RWIX
  RAMD1                 0000b800   00000800  00000000  00000800  RWIX
  RAMGS0                0000c000   00001000  00000000  00001000  RWIX
  RAMGS1                0000d000   00001000  00000000  00001000  RWIX
  RAMGS2                0000e000   00001000  00000000  00001000  RWIX
  RAMGS3                0000f000   00001000  00000000  00001000  RWIX
  RAMGS4                00010000   00001000  00000000  00001000  RWIX
  RAMGS5                00011000   00001000  00000000  00001000  RWIX
  RAMGS6                00012000   00001000  00000000  00001000  RWIX
  RAMGS7                00013000   00001000  00000000  00001000  RWIX
  RAMGS8                00014000   00001000  00000000  00001000  RWIX
  RAMGS9                00015000   00001000  00000000  00001000  RWIX
  RAMGS10               00016000   00001000  00000000  00001000  RWIX
  RAMGS11               00017000   00001000  00000000  00001000  RWIX
  RAMGS12               00018000   00001000  00000000  00001000  RWIX
  RAMGS13               00019000   00001000  00000000  00001000  RWIX
  RAMGS14               0001a000   00001000  00000000  00001000  RWIX
  RAMGS15               0001b000   00000ff8  00000120  00000ed8  RWIX


SECTION ALLOCATION MAP

 output                                  attributes/
section   page    origin      length       input sections
--------  ----  ----------  ----------   ----------------
.cinit     0    00000123    0000007d     
                  00000123    00000026     rts2800_fpu32.lib : defs.c.obj (.cinit:__ftable)
                  00000149    0000001b                       : host_device.c.obj (.cinit:__device)
                  00000164    0000000e                       : host_device.c.obj (.cinit:__stream)
                  00000172    0000000e                       : exit.c.obj (.cinit)
                  00000180    00000005                       : _lock.c.obj (.cinit:__lock)
                  00000185    00000005                       : _lock.c.obj (.cinit:__unlock)
                  0000018a    00000004                       : defs.c.obj (.cinit)
                  0000018e    00000004                       : errno.c.obj (.cinit)
                  00000192    00000004                       : fopen.c.obj (.cinit)
                  00000196    00000004                       : memory.c.obj (.cinit)
                  0000019a    00000004                       : open.c.obj (.cinit)
                  0000019e    00000002     --HOLE-- [fill = 0]

.reset     0    003fffc0    00000002     DSECT
                  003fffc0    00000002     rts2800_fpu32.lib : boot28.asm.obj (.reset)

.stack     1    00000400    00000200     UNINITIALIZED
                  00000400    00000200     --HOLE--

.esysmem   1    0000a800    00000400     UNINITIALIZED
                  0000a800    00000004     rts2800_fpu32.lib : memory.c.obj (.esysmem)
                  0000a804    000003fc     --HOLE--

.econst    1    0000ac00    000001fc     
                  0000ac00    00000101     rts2800_fpu32.lib : ctype.c.obj (.econst:.string:__ctypes_)
                  0000ad01    00000001     --HOLE-- [fill = 0]
                  0000ad02    00000091     main.obj (.econst:.string)
                  0000ad93    00000001     --HOLE-- [fill = 0]
                  0000ad94    00000026     rts2800_fpu32.lib : _printfi.c.obj (.econst:.string)
                  0000adba    0000001c                       : _printfi.c.obj (.econst)
                  0000add6    0000001c                       : s_scalbn.c.obj (.econst)
                  0000adf2    00000008                       : s_frexp.c.obj (.econst)
                  0000adfa    00000002                       : fputs.c.obj (.econst:.string)

.cio       1    0001b000    00000120     UNINITIALIZED
                  0001b000    00000120     rts2800_fpu32.lib : trgmsg.c.obj (.cio)

.pinit     0    00000123    00000000     UNINITIALIZED

.ebss      1    0000adfc    000001b4     UNINITIALIZED
                  0000adfc    00000004     rts2800_fpu32.lib : memory.c.obj (.ebss)
                  0000ae00    000000a0                       : defs.c.obj (.ebss:___TI_tmpnams)
                  0000aea0    00000008                       : hostopen.c.obj (.ebss:_parmbuf)
                  0000aea8    00000006                       : exit.c.obj (.ebss)
                  0000aeae    00000002                       : _lock.c.obj (.ebss:__lock)
                  0000aeb0    00000002                       : _lock.c.obj (.ebss:__unlock)
                  0000aeb2    00000001                       : defs.c.obj (.ebss)
                  0000aeb3    00000001                       : errno.c.obj (.ebss)
                  0000aeb4    00000001                       : fopen.c.obj (.ebss)
                  0000aeb5    00000001                       : open.c.obj (.ebss)
                  0000aeb6    0000000a     --HOLE--
                  0000aec0    00000078                       : defs.c.obj (.ebss:__ftable)
                  0000af38    00000008     --HOLE--
                  0000af40    00000048                       : host_device.c.obj (.ebss:__device)
                  0000af88    00000028                       : host_device.c.obj (.ebss:__stream)

.text.1    0    00008000    00000800     
                  00008000    000005f5     rts2800_fpu32.lib : _printfi.c.obj (.text:__TI_printfi)
                  000085f5    00000107                       : ll_div28.asm.obj (.text)
                  000086fc    000000a9                       : s_scalbn.c.obj (.text)
                  000087a5    0000005b                       : hostlseek.c.obj (.text)

.text.2    0    00008800    000007ff     
                  00008800    0000028c     rts2800_fpu32.lib : memory.c.obj (.text)
                  00008a8c    000000a8                       : fputs.c.obj (.text)
                  00008b34    0000009c                       : fd_add28.asm.obj (.text)
                  00008bd0    00000095                       : trgmsg.c.obj (.text)
                  00008c65    0000008b                       : fd_div28.asm.obj (.text)
                  00008cf0    00000083                       : fd_mpy28.asm.obj (.text)
                  00008d73    0000007c                       : setvbuf.c.obj (.text)
                  00008def    00000073                       : fflush.c.obj (.text)
                  00008e62    00000071     main.obj (.text)
                  00008ed3    00000071     rts2800_fpu32.lib : open.c.obj (.text)
                  00008f44    00000065                       : _io_perm.c.obj (.text)
                  00008fa9    00000056                       : boot28.asm.obj (.text)

.text.3    0    00009000    00000613     
                  00009000    0000005d     rts2800_fpu32.lib : fclose.c.obj (.text)
                  0000905d    0000005a                       : s_frexp.c.obj (.text)
                  000090b7    00000053                       : fputc.c.obj (.text)
                  0000910a    00000051                       : getdevice.c.obj (.text)
                  0000915b    0000003e                       : hostrename.c.obj (.text)
                  00009199    0000003d                       : fseek.c.obj (.text)
                  000091d6    00000038                       : hostopen.c.obj (.text)
                  0000920e    00000037                       : hostwrite.c.obj (.text)
                  00009245    00000036                       : hostread.c.obj (.text)
                  0000927b    00000034                       : printf.c.obj (.text)
                  000092af    00000033                       : close.c.obj (.text)
                  000092e2    00000031                       : atoi.c.obj (.text)
                  00009313    00000030                       : _ltoa.c.obj (.text)
                  00009343    0000002a                       : fd_cmp28.asm.obj (.text)
                  0000936d    0000002a                       : l_div28.asm.obj (.text)
                  00009397    00000029                       : exit.c.obj (.text)
                  000093c0    00000027                       : hostclose.c.obj (.text)
                  000093e7    00000024                       : cpy_tbl.c.obj (.text)
                  0000940b    00000024                       : hostunlink.c.obj (.text)
                  0000942f    00000024                       : s_copysign.c.obj (.text)
                  00009453    00000021                       : fd_toi28.asm.obj (.text)
                  00009474    0000001f                       : fd_tol28.asm.obj (.text)
                  00009493    0000001e                       : ll_cmp28.asm.obj (.text)
                  000094b1    0000001d                       : i_tofd28.asm.obj (.text)
                  000094ce    0000001d                       : memcpy.c.obj (.text)
                  000094eb    0000001c                       : fs_tofdfpu32.asm.obj (.text)
                  00009507    0000001c                       : l_tofd28.asm.obj (.text)
                  00009523    00000019                       : unlink.c.obj (.text)
                  0000953c    00000019                       : write.c.obj (.text)
                  00009555    00000018                       : ll_aox28.asm.obj (.text)
                  0000956d    00000018                       : lseek.c.obj (.text)
                  00009585    00000015                       : strncpy.c.obj (.text)
                  0000959a    00000012                       : args_main.c.obj (.text)
                  000095ac    00000010                       : memccpy.c.obj (.text)
                  000095bc    0000000d                       : memchr.c.obj (.text)
                  000095c9    0000000c                       : strchr.c.obj (.text)
                  000095d5    0000000a                       : strcmp.c.obj (.text)
                  000095df    00000009                       : _lock.c.obj (.text)
                  000095e8    00000009                       : fd_neg28.asm.obj (.text)
                  000095f1    00000009                       : wcslen.c.obj (.text)
                  000095fa    00000008                       : strlen.c.obj (.text)
                  00009602    00000007                       : memset.c.obj (.text)
                  00009609    00000005                       : strcpy.c.obj (.text)
                  0000960e    00000003                       : remove.c.obj (.text)
                  00009611    00000002                       : pre_init.c.obj (.text)

.text.4    0    0000b000    00000800     
                  0000b000    000006d0     rts2800_fpu32.lib : _printfi.c.obj (.text)
                  0000b6d0    00000121                       : fopen.c.obj (.text)
                  0000b7f1    0000000e                       : fd_sub28.asm.obj (.text)
                  0000b7ff    00000001                       : startup.c.obj (.text)

MODULE SUMMARY

       Module                 code   initialized data   uninitialized data
       ------                 ----   ----------------   ------------------
    .\
       main.obj               113    145                0                 
    +--+----------------------+------+------------------+--------------------+
       Total:                 113    145                0                 
                                                                          
    C:\ti\ccs1271\ccs\tools\compiler\ti-cgt-c2000_22.6.1.LTS\lib\rts2800_fpu32.lib
       _printfi.c.obj         3269   66                 0                 
       memory.c.obj           652    4                  4                 
       trgmsg.c.obj           149    0                  288               
       defs.c.obj             0      42                 281               
       fopen.c.obj            289    4                  1                 
       ll_div28.asm.obj       263    0                  0                 
       ctype.c.obj            0      257                0                 
       s_scalbn.c.obj         169    28                 0                 
       fputs.c.obj            168    2                  0                 
       fd_add28.asm.obj       156    0                  0                 
       host_device.c.obj      0      41                 112               
       fd_div28.asm.obj       139    0                  0                 
       fd_mpy28.asm.obj       131    0                  0                 
       setvbuf.c.obj          124    0                  0                 
       open.c.obj             113    4                  1                 
       fflush.c.obj           115    0                  0                 
       _io_perm.c.obj         101    0                  0                 
       s_frexp.c.obj          90     8                  0                 
       fclose.c.obj           93     0                  0                 
       hostlseek.c.obj        91     0                  0                 
       boot28.asm.obj         86     0                  0                 
       fputc.c.obj            83     0                  0                 
       getdevice.c.obj        81     0                  0                 
       hostopen.c.obj         56     0                  8                 
       hostrename.c.obj       62     0                  0                 
       exit.c.obj             41     14                 6                 
       fseek.c.obj            61     0                  0                 
       hostwrite.c.obj        55     0                  0                 
       hostread.c.obj         54     0                  0                 
       printf.c.obj           52     0                  0                 
       close.c.obj            51     0                  0                 
       atoi.c.obj             49     0                  0                 
       _ltoa.c.obj            48     0                  0                 
       fd_cmp28.asm.obj       42     0                  0                 
       l_div28.asm.obj        42     0                  0                 
       hostclose.c.obj        39     0                  0                 
       cpy_tbl.c.obj          36     0                  0                 
       hostunlink.c.obj       36     0                  0                 
       s_copysign.c.obj       36     0                  0                 
       fd_toi28.asm.obj       33     0                  0                 
       fd_tol28.asm.obj       31     0                  0                 
       ll_cmp28.asm.obj       30     0                  0                 
       i_tofd28.asm.obj       29     0                  0                 
       memcpy.c.obj           29     0                  0                 
       fs_tofdfpu32.asm.obj   28     0                  0                 
       l_tofd28.asm.obj       28     0                  0                 
       unlink.c.obj           25     0                  0                 
       write.c.obj            25     0                  0                 
       ll_aox28.asm.obj       24     0                  0                 
       lseek.c.obj            24     0                  0                 
       _lock.c.obj            9      10                 4                 
       strncpy.c.obj          21     0                  0                 
       args_main.c.obj        18     0                  0                 
       memccpy.c.obj          16     0                  0                 
       fd_sub28.asm.obj       14     0                  0                 
       memchr.c.obj           13     0                  0                 
       strchr.c.obj           12     0                  0                 
       strcmp.c.obj           10     0                  0                 
       fd_neg28.asm.obj       9      0                  0                 
       wcslen.c.obj           9      0                  0                 
       strlen.c.obj           8      0                  0                 
       memset.c.obj           7      0                  0                 
       errno.c.obj            0      4                  1                 
       strcpy.c.obj           5      0                  0                 
       remove.c.obj           3      0                  0                 
       pre_init.c.obj         2      0                  0                 
       startup.c.obj          1      0                  0                 
    +--+----------------------+------+------------------+--------------------+
       Total:                 7585   484                706               
                                                                          
       Heap:                  0      0                  1024              
       Stack:                 0      0                  512               
    +--+----------------------+------+------------------+--------------------+
       Grand Total:           7698   629                2242              


GLOBAL DATA SYMBOLS: SORTED BY DATA PAGE

address     data page           name
--------    ----------------    ----
00000400      10 (00000400)     __stack

0000a800     2a0 (0000a800)     __sys_memory

0000ac00     2b0 (0000ac00)     __ctypes_

0000ae00     2b8 (0000ae00)     ___TI_tmpnams

0000aea0     2ba (0000ae80)     _parmbuf
0000aea8     2ba (0000ae80)     ___TI_enable_exit_profile_output
0000aeaa     2ba (0000ae80)     ___TI_cleanup_ptr
0000aeac     2ba (0000ae80)     ___TI_dtors_ptr
0000aeae     2ba (0000ae80)     __lock
0000aeb0     2ba (0000ae80)     __unlock
0000aeb2     2ba (0000ae80)     ___TI_ft_end
0000aeb3     2ba (0000ae80)     _errno

0000aec0     2bb (0000aec0)     __ftable

0000af40     2bd (0000af40)     __device

0000af88     2be (0000af80)     __stream

0001b000     6c0 (0001b000)     __CIOBUF_


GLOBAL SYMBOLS: SORTED ALPHABETICALLY BY Name 

page  address   name                            
----  -------   ----                            
abs   ffffffff  .text                           
0     00009397  C$$EXIT                         
0     00008c23  C$$IO$$                         
0     00008b34  FD$$ADD                         
0     00009343  FD$$CMP                         
0     00008c65  FD$$DIV                         
0     00008cf0  FD$$MPY                         
0     000095e8  FD$$NEG                         
0     0000b7f1  FD$$SUB                         
0     00009453  FD$$TOI                         
0     00009474  FD$$TOL                         
0     000094eb  FS$$TOFD                        
0     000094b1  I$$TOFD                         
0     0000936d  L$$DIV                          
0     0000937c  L$$MOD                          
0     00009507  L$$TOFD                         
0     00009555  LL$$AND                         
0     00009493  LL$$CMP                         
0     000085f5  LL$$DIV                         
0     00008631  LL$$MOD                         
0     0000955d  LL$$OR                          
0     00009565  LL$$XOR                         
0     0000938a  UL$$DIV                         
0     00009391  UL$$MOD                         
0     000094a5  ULL$$CMP                        
0     0000866b  ULL$$DIV                        
0     0000869a  ULL$$MOD                        
0     000093c0  _HOSTclose                      
0     000087a5  _HOSTlseek                      
0     000091d6  _HOSTopen                       
0     00009245  _HOSTread                       
0     0000915b  _HOSTrename                     
0     0000940b  _HOSTunlink                     
0     0000920e  _HOSTwrite                      
1     0001b000  __CIOBUF_                       
1     00000600  __STACK_END                     
abs   00000200  __STACK_SIZE                    
abs   00000400  __SYSMEM_SIZE                   
0     0000b76f  ___TI_cleanup                   
1     0000aeaa  ___TI_cleanup_ptr               
0     00009000  ___TI_closefile                 
0     00008def  ___TI_doflush                   
1     0000aeac  ___TI_dtors_ptr                 
1     0000aea8  ___TI_enable_exit_profile_output
1     0000aeb2  ___TI_ft_end                    
0     00008a8a  ___TI_heap_check                
0     00008a6d  ___TI_heap_largest_available    
0     00008a50  ___TI_heap_total_available      
0     00009313  ___TI_ltoa                      
abs   ffffffff  ___TI_pprof_out_hndl            
0     00008470  ___TI_printfi                   
abs   ffffffff  ___TI_prof_data_size            
abs   ffffffff  ___TI_prof_data_start           
0     00008f7e  ___TI_rd_ok                     
0     00008c28  ___TI_readmsg                   
1     0000ae00  ___TI_tmpnams                   
0     00008bd0  ___TI_writemsg                  
0     00008f44  ___TI_wrt_ok                    
abs   ffffffff  ___binit__                      
abs   ffffffff  ___c_args__                     
0     00000123  ___cinit__                      
abs   ffffffff  ___etext__                      
abs   ffffffff  ___pinit__                      
abs   ffffffff  ___text__                       
0     0000959a  __args_main                     
1     0000ac00  __ctypes_                       
1     0000af40  __device                        
1     0000aec0  __ftable                        
1     0000aeae  __lock                          
0     000095e7  __nop                           
0     000095e3  __register_lock                 
0     000095df  __register_unlock               
1     00000400  __stack                         
1     0000af88  __stream                        
1     0000a800  __sys_memory                    
0     0000b7ff  __system_post_cinit             
0     00009611  __system_pre_init               
1     0000aeb0  __unlock                        
0     00009397  _abort                          
0     000089aa  _aligned_alloc                  
0     000092e2  _atoi                           
0     00008fa9  _c_int00                        
0     0000897d  _calloc                         
0     000092af  _close                          
0     000093e7  _copy_in                        
0     0000942f  _copysignl                      
1     0000aeb3  _errno                          
0     00009399  _exit                           
0     00009044  _fclose                         
0     00008e1e  _fflush                         
0     0000910a  _finddevice                     
0     0000b7aa  _fopen                          
0     000090b7  _fputc                          
0     00008a8c  _fputs                          
0     0000882b  _free                           
0     0000b78c  _freopen                        
0     0000905d  _frexpl                         
0     00009199  _fseek                          
0     00009199  _fseeko                         
0     00009125  _getdevice                      
0     000086fc  _ldexpl                         
0     0000956d  _lseek                          
0     00008e62  _main                           
0     00008800  _malloc                         
0     000089aa  _memalign                       
0     000095ac  _memccpy                        
0     000095bc  _memchr                         
0     000094ce  _memcpy                         
0     00009602  _memset                         
0     00008979  _minit                          
0     00008eca  _multiply_float                 
0     00008eb0  _multiply_int                   
0     00008ebd  _multiply_uint                  
0     00008ed3  _open                           
1     0000aea0  _parmbuf                        
0     00009281  _printf                         
0     000090b7  _putc                           
0     00009105  _putchar                        
0     00008b21  _puts                           
0     000088f5  _realloc                        
0     0000960e  _remove                         
0     000086fc  _scalbnl                        
0     00008d73  _setvbuf                        
0     000095c9  _strchr                         
0     000095d5  _strcmp                         
0     00009609  _strcpy                         
0     000095fa  _strlen                         
0     00009585  _strncpy                        
0     00009523  _unlink                         
0     000095f1  _wcslen                         
0     0000953c  _write                          
abs   ffffffff  binit                           
0     00000123  cinit                           
abs   ffffffff  etext                           
abs   ffffffff  pinit                           


GLOBAL SYMBOLS: SORTED BY Symbol Address 

page  address   name                            
----  -------   ----                            
0     00000123  ___cinit__                      
0     00000123  cinit                           
0     00008470  ___TI_printfi                   
0     000085f5  LL$$DIV                         
0     00008631  LL$$MOD                         
0     0000866b  ULL$$DIV                        
0     0000869a  ULL$$MOD                        
0     000086fc  _ldexpl                         
0     000086fc  _scalbnl                        
0     000087a5  _HOSTlseek                      
0     00008800  _malloc                         
0     0000882b  _free                           
0     000088f5  _realloc                        
0     00008979  _minit                          
0     0000897d  _calloc                         
0     000089aa  _aligned_alloc                  
0     000089aa  _memalign                       
0     00008a50  ___TI_heap_total_available      
0     00008a6d  ___TI_heap_largest_available    
0     00008a8a  ___TI_heap_check                
0     00008a8c  _fputs                          
0     00008b21  _puts                           
0     00008b34  FD$$ADD                         
0     00008bd0  ___TI_writemsg                  
0     00008c23  C$$IO$$                         
0     00008c28  ___TI_readmsg                   
0     00008c65  FD$$DIV                         
0     00008cf0  FD$$MPY                         
0     00008d73  _setvbuf                        
0     00008def  ___TI_doflush                   
0     00008e1e  _fflush                         
0     00008e62  _main                           
0     00008eb0  _multiply_int                   
0     00008ebd  _multiply_uint                  
0     00008eca  _multiply_float                 
0     00008ed3  _open                           
0     00008f44  ___TI_wrt_ok                    
0     00008f7e  ___TI_rd_ok                     
0     00008fa9  _c_int00                        
0     00009000  ___TI_closefile                 
0     00009044  _fclose                         
0     0000905d  _frexpl                         
0     000090b7  _fputc                          
0     000090b7  _putc                           
0     00009105  _putchar                        
0     0000910a  _finddevice                     
0     00009125  _getdevice                      
0     0000915b  _HOSTrename                     
0     00009199  _fseek                          
0     00009199  _fseeko                         
0     000091d6  _HOSTopen                       
0     0000920e  _HOSTwrite                      
0     00009245  _HOSTread                       
0     00009281  _printf                         
0     000092af  _close                          
0     000092e2  _atoi                           
0     00009313  ___TI_ltoa                      
0     00009343  FD$$CMP                         
0     0000936d  L$$DIV                          
0     0000937c  L$$MOD                          
0     0000938a  UL$$DIV                         
0     00009391  UL$$MOD                         
0     00009397  C$$EXIT                         
0     00009397  _abort                          
0     00009399  _exit                           
0     000093c0  _HOSTclose                      
0     000093e7  _copy_in                        
0     0000940b  _HOSTunlink                     
0     0000942f  _copysignl                      
0     00009453  FD$$TOI                         
0     00009474  FD$$TOL                         
0     00009493  LL$$CMP                         
0     000094a5  ULL$$CMP                        
0     000094b1  I$$TOFD                         
0     000094ce  _memcpy                         
0     000094eb  FS$$TOFD                        
0     00009507  L$$TOFD                         
0     00009523  _unlink                         
0     0000953c  _write                          
0     00009555  LL$$AND                         
0     0000955d  LL$$OR                          
0     00009565  LL$$XOR                         
0     0000956d  _lseek                          
0     00009585  _strncpy                        
0     0000959a  __args_main                     
0     000095ac  _memccpy                        
0     000095bc  _memchr                         
0     000095c9  _strchr                         
0     000095d5  _strcmp                         
0     000095df  __register_unlock               
0     000095e3  __register_lock                 
0     000095e7  __nop                           
0     000095e8  FD$$NEG                         
0     000095f1  _wcslen                         
0     000095fa  _strlen                         
0     00009602  _memset                         
0     00009609  _strcpy                         
0     0000960e  _remove                         
0     00009611  __system_pre_init               
0     0000b76f  ___TI_cleanup                   
0     0000b78c  _freopen                        
0     0000b7aa  _fopen                          
0     0000b7f1  FD$$SUB                         
0     0000b7ff  __system_post_cinit             
1     00000400  __stack                         
1     00000600  __STACK_END                     
1     0000a800  __sys_memory                    
1     0000ac00  __ctypes_                       
1     0000ae00  ___TI_tmpnams                   
1     0000aea0  _parmbuf                        
1     0000aea8  ___TI_enable_exit_profile_output
1     0000aeaa  ___TI_cleanup_ptr               
1     0000aeac  ___TI_dtors_ptr                 
1     0000aeae  __lock                          
1     0000aeb0  __unlock                        
1     0000aeb2  ___TI_ft_end                    
1     0000aeb3  _errno                          
1     0000aec0  __ftable                        
1     0000af40  __device                        
1     0000af88  __stream                        
1     0001b000  __CIOBUF_                       
abs   00000200  __STACK_SIZE                    
abs   00000400  __SYSMEM_SIZE                   
abs   ffffffff  .text                           
abs   ffffffff  ___TI_pprof_out_hndl            
abs   ffffffff  ___TI_prof_data_size            
abs   ffffffff  ___TI_prof_data_start           
abs   ffffffff  ___binit__                      
abs   ffffffff  ___c_args__                     
abs   ffffffff  ___etext__                      
abs   ffffffff  ___pinit__                      
abs   ffffffff  ___text__                       
abs   ffffffff  binit                           
abs   ffffffff  etext                           
abs   ffffffff  pinit                           

[135 symbols]
