******************************************************************************
             TMS320C2000 Linker Unix v22.6.1                   
******************************************************************************
>> Linked Fri Nov  8 17:32:39 2024

OUTPUT FILE NAME:   <FIR_Timer_NR.out>
ENTRY POINT SYMBOL: "code_start"  address: 00000000


MEMORY CONFIGURATION

         name            origin    length      used     unused   attr    fill
----------------------  --------  ---------  --------  --------  ----  --------
PAGE 0:
  BEGIN                 00000000   00000002  00000002  00000000  RWIX
  RAMM0                 00000123   000002dd  00000030  000002ad  RWIX
  RAMLS0                00008000   00000800  000007ce  00000032  RWIX
  RAMLS1                00008800   00000800  00000000  00000800  RWIX
  RAMLS2                00009000   00000800  00000000  00000800  RWIX
  RAMLS3                00009800   00000800  00000000  00000800  RWIX
  RAMLS4                0000a000   00000800  00000000  00000800  RWIX
  RAMD0                 0000b000   00000800  000007ff  00000001  RWIX
  FLASHA                00080002   00001ffe  00000000  00001ffe  RWIX
  FLASHB                00082000   00002000  00000000  00002000  RWIX
  FLASHC                00084000   00002000  00000000  00002000  RWIX
  FLASHD                00086000   00002000  00000000  00002000  RWIX
  FLASHE                00088000   00008000  00000000  00008000  RWIX
  FLASHF                00090000   00008000  00000000  00008000  RWIX
  FLASHG                00098000   00008000  00000000  00008000  RWIX
  FLASHH                000a0000   00008000  00000000  00008000  RWIX
  FLASHI                000a8000   00008000  00000000  00008000  RWIX
  FLASHJ                000b0000   00008000  00000000  00008000  RWIX
  FLASHK                000b8000   00002000  00000000  00002000  RWIX
  FLASHL                000ba000   00002000  00000000  00002000  RWIX
  FLASHM                000bc000   00002000  00000000  00002000  RWIX
  FLASHN                000be000   00001ff0  00000000  00001ff0  RWIX
  RESET                 003fffc0   00000002  00000000  00000002  RWIX

PAGE 1:
  BOOT_RSVD             00000002   00000121  00000000  00000121  RWIX
  RAMM1                 00000400   000003f8  000003f8  00000000  RWIX
  RAMLS5                0000a800   00000800  0000045a  000003a6  RWIX
  RAMD1                 0000b800   00000800  00000000  00000800  RWIX
  RAMGS0                0000c000   00001000  00001000  00000000  RWIX
  RAMGS1                0000d000   00001000  00001000  00000000  RWIX
  RAMGS2                0000e000   00001000  0000000c  00000ff4  RWIX
  RAMGS3                0000f000   00001000  00000000  00001000  RWIX
  RAMGS4                00010000   00001000  00000000  00001000  RWIX
  RAMGS5                00011000   00001000  00000000  00001000  RWIX
  RAMGS6                00012000   00001000  00000000  00001000  RWIX
  RAMGS7                00013000   00001000  00000000  00001000  RWIX
  RAMGS8                00014000   00001000  00000000  00001000  RWIX
  RAMGS9                00015000   00001000  00000000  00001000  RWIX
  RAMGS10               00016000   00001000  00000000  00001000  RWIX
  RAMGS11               00017000   00001000  00000000  00001000  RWIX
  RAMGS12               00018000   00001000  00000000  00001000  RWIX
  RAMGS13               00019000   00001000  00000000  00001000  RWIX
  RAMGS14               0001a000   00001000  00000000  00001000  RWIX
  RAMGS15               0001b000   00000ff8  00000000  00000ff8  RWIX


SECTION ALLOCATION MAP

 output                                  attributes/
section   page    origin      length       input sections
--------  ----  ----------  ----------   ----------------
codestart 
*          0    00000000    00000002     
                  00000000    00000002     F2837xD_CodeStartBranch.obj (codestart)

.cinit     0    00000128    0000002c     
                  00000128    0000000a     (.cinit..data.load) [load image, compression = lzss]
                  00000132    00000006     (__TI_handler_table)
                  00000138    00000004     (.cinit..bss.1.load) [load image, compression = zero_init]
                  0000013c    00000004     (.cinit..bss.2.load) [load image, compression = zero_init]
                  00000140    00000004     (.cinit..bss.3.load) [load image, compression = zero_init]
                  00000144    00000010     (__TI_cinit_table)

.reset     0    003fffc0    00000000     DSECT

.stack     1    00000400    000003f8     UNINITIALIZED
                  00000400    000003f8     --HOLE--

.init_array 
*          0    00000123    00000000     UNINITIALIZED

.const     1    0000a800    0000034c     
                  0000a800    000000fe     FIR_TIMER.obj (.const:firCoeffs)
                  0000a8fe    000000c2     driverlib_eabi.lib : sysctl.obj (.const:.string)
                  0000a9c0    000000bc                        : gpio.obj (.const:.string)
                  0000aa7c    00000062                        : cputimer.obj (.const:.string)
                  0000aade    00000052     FIR_TIMER.obj (.const:.string)
                  0000ab30    00000013     device.obj (.const:.string)
                  0000ab43    00000001     --HOLE-- [fill = 0]
                  0000ab44    00000008     FIR_TIMER.obj (.const)

.data      1    0000ab4c    0000010e     UNINITIALIZED
                  0000ab4c    000000fe     FIR_TIMER.obj (.data:filtbuff1)
                  0000ac4a    00000006     device.obj (.data)
                  0000ac50    00000006     rts2800_fpu32_eabi.lib : exit.c.obj (.data)
                  0000ac56    00000002                            : _lock.c.obj (.data:_lock)
                  0000ac58    00000002                            : _lock.c.obj (.data:_unlock)

.TI.ramfunc 
*          0    00000123    00000004     
                  00000123    00000004     driverlib_eabi.lib : sysctl.obj (.TI.ramfunc)

.text.1    0    00008000    000007ce     
                  00008000    00000209     driverlib_eabi.lib : sysctl.obj (.text:SysCtl_setClock)
                  00008209    00000083     rts2800_fpu32_eabi.lib : fd_mpy28.asm.obj (.text)
                  0000828c    00000068     driverlib_eabi.lib : sysctl.obj (.text:SysCtl_getDeviceParametric)
                  000082f4    00000066     rts2800_fpu32_eabi.lib : s_sinf.c.obj (.text)
                  0000835a    00000051     driverlib_eabi.lib : sysctl.obj (.text:SysCtl_getClock)
                  000083ab    00000048                        : sysctl.obj (.text:SysCtl_selectOscSource)
                  000083f3    0000003d                        : interrupt.obj (.text:Interrupt_initModule)
                  00008430    00000037                        : gpio.obj (.text:GPIO_setPinConfig)
                  00008467    00000037                        : gpio.obj (.text:GPIO_setQualificationMode)
                  0000849e    00000037                        : interrupt.obj (.text:Interrupt_enable)
                  000084d5    00000031                        : gpio.obj (.text:GPIO_setDirectionMode)
                  00008506    00000030     rts2800_fpu32_eabi.lib : copy_decompress_lzss.c.obj (.text:decompress:lzss)
                  00008536    0000002b                            : autoinit.c.obj (.text:__TI_auto_init_nobinit_nopinit)
                  00008561    00000029                            : exit.c.obj (.text)
                  0000858a    00000028     driverlib_eabi.lib : sysctl.obj (.text:CPUTimer_selectClockSource)
                  000085b2    00000023     rts2800_fpu32_eabi.lib : fd_tofsfpu32.asm.obj (.text)
                  000085d5    0000001f     driverlib_eabi.lib : sysctl.obj (.text:CPUTimer_getTimerOverflowStatus)
                  000085f4    0000001e                        : interrupt.obj (.text:Interrupt_initVectorTable)
                  00008612    0000001d     rts2800_fpu32_eabi.lib : memcpy.c.obj (.text)
                  0000862f    0000001c                            : fs_tofdfpu32.asm.obj (.text)
                  0000864b    0000001a     driverlib_eabi.lib : sysctl.obj (.text:CPUTimer_startTimer)
                  00008665    0000001a                        : sysctl.obj (.text:SysCtl_getLowSpeedClock)
                  0000867f    00000017                        : cputimer.obj (.text:CPUTimer_isBaseValid)
                  00008696    00000017                        : sysctl.obj (.text:CPUTimer_isBaseValid)
                  000086ad    00000017     rts2800_fpu32_eabi.lib : boot28.asm.obj (.text)
                  000086c4    00000016     driverlib_eabi.lib : interrupt.obj (.text:Interrupt_defaultHandler)
                  000086da    00000014                        : sysctl.obj (.text:CPUTimer_stopTimer)
                  000086ee    00000013                        : cputimer.obj (.text:CPUTimer_setEmulationMode)
                  00008701    00000012                        : sysctl.obj (.text:CPUTimer_clearOverflowFlag)
                  00008713    00000012                        : sysctl.obj (.text:CPUTimer_disableInterrupt)
                  00008725    00000011                        : sysctl.obj (.text:CPUTimer_setPeriod)
                  00008736    0000000f                        : sysctl.obj (.text:SysCtl_pollCpuTimer)
                  00008745    0000000e                        : gpio.obj (.text:GPIO_isPinValid)
                  00008753    0000000d                        : interrupt.obj (.text:Interrupt_disableGlobal)
                  00008760    0000000d                        : interrupt.obj (.text:Interrupt_enableGlobal)
                  0000876d    0000000c     rts2800_fpu32_eabi.lib : args_main.c.obj (.text)
                  00008779    0000000b     driverlib_eabi.lib : sysctl.obj (.text:SysCtl_isMCDClockFailureDetected)
                  00008784    0000000a                        : interrupt.obj (.text:Interrupt_illegalOperationHandler)
                  0000878e    0000000a                        : interrupt.obj (.text:Interrupt_nmiHandler)
                  00008798    00000009                        : sysctl.obj (.text:SysCtl_serviceWatchdog)
                  000087a1    00000009     rts2800_fpu32_eabi.lib : _lock.c.obj (.text)
                  000087aa    00000008     F2837xD_CodeStartBranch.obj (.text)
                  000087b2    00000008     rts2800_fpu32_eabi.lib : copy_decompress_none.c.obj (.text:decompress:none)
                  000087ba    00000007     driverlib_eabi.lib : sysctl.obj (.text:SysCtl_resetMCD)
                  000087c1    00000007     rts2800_fpu32_eabi.lib : memset.c.obj (.text)
                  000087c8    00000006                            : copy_zero_init.c.obj (.text:decompress:ZI)

.text.2    0    0000b000    000007ff     
                  0000b000    000003ff     device.obj (.text)
                  0000b3ff    0000020f     FIR_TIMER.obj (.text)
                  0000b60e    0000009f     FIR_TIMER.obj (.text:retain)
                  0000b6ad    00000090     driverlib_eabi.lib : sysctl.obj (.text:SysCtl_selectXTAL)
                  0000b73d    00000088     rts2800_fpu32_eabi.lib : fs_div28.asm.obj (.text)
                  0000b7c5    00000037     driverlib_eabi.lib : gpio.obj (.text:GPIO_setControllerCore)
                  0000b7fc    00000002     rts2800_fpu32_eabi.lib : pre_init.c.obj (.text)
                  0000b7fe    00000001                            : startup.c.obj (.text)

.bss.1     1    0000c000    00001000     UNINITIALIZED
                  0000c000    00000800     FIR_TIMER.obj (.bss:buffer0)
                  0000c800    00000800     FIR_TIMER.obj (.bss:buffer1)

.bss.2     1    0000d000    00001000     UNINITIALIZED
                  0000d000    00000800     FIR_TIMER.obj (.bss:signal)
                  0000d800    00000400     FIR_TIMER.obj (.bss:buffer1Fixed)
                  0000dc00    00000400     FIR_TIMER.obj (.bss:signal_FixedP)

.bss.3     1    0000e000    0000000c     UNINITIALIZED
                  0000e000    0000000c     FIR_TIMER.obj (.bss)

MODULE SUMMARY

       Module                        code   ro data   rw data
       ------                        ----   -------   -------
    ./
       FIR_TIMER.obj                 686    344       8458   
    +--+-----------------------------+------+---------+---------+
       Total:                        686    344       8458   
                                                             
    ./device/
       device.obj                    1023   19        6      
       F2837xD_CodeStartBranch.obj   10     0         0      
    +--+-----------------------------+------+---------+---------+
       Total:                        1033   19        6      
                                                             
    /Applications/ti/ccs1280/ccs/tools/compiler/ti-cgt-c2000_22.6.1.LTS/lib/rts2800_fpu32_eabi.lib
       fs_div28.asm.obj              136    0         0      
       fd_mpy28.asm.obj              131    0         0      
       s_sinf.c.obj                  102    0         0      
       copy_decompress_lzss.c.obj    48     0         0      
       exit.c.obj                    41     0         6      
       autoinit.c.obj                43     0         0      
       fd_tofsfpu32.asm.obj          35     0         0      
       memcpy.c.obj                  29     0         0      
       fs_tofdfpu32.asm.obj          28     0         0      
       boot28.asm.obj                23     0         0      
       _lock.c.obj                   9      0         4      
       args_main.c.obj               12     0         0      
       copy_decompress_none.c.obj    8      0         0      
       memset.c.obj                  7      0         0      
       copy_zero_init.c.obj          6      0         0      
       pre_init.c.obj                2      0         0      
       startup.c.obj                 1      0         0      
    +--+-----------------------------+------+---------+---------+
       Total:                        661    0         10     
                                                             
    /Users/damianstone/ti/C2000Ware_5_03_00_00/driverlib/f2837xd/driverlib/ccs/Debug/driverlib_eabi.lib
       sysctl.obj                    1187   194       0      
       gpio.obj                      228    188       0      
       interrupt.obj                 214    0         0      
       cputimer.obj                  42     98        0      
    +--+-----------------------------+------+---------+---------+
       Total:                        1671   480       0      
                                                             
       Stack:                        0      0         1016   
       Linker Generated:             0      44        0      
    +--+-----------------------------+------+---------+---------+
       Grand Total:                  4051   887       9490   


LINKER GENERATED COPY TABLES

__TI_cinit_table @ 00000144 records: 4, size/record: 4, table size: 16
	.data: load addr=00000128, load size=0000000a bytes, run addr=0000ab4c, run size=0000010e bytes, compression=lzss
	.bss.1: load addr=00000138, load size=00000004 bytes, run addr=0000c000, run size=00001000 bytes, compression=zero_init
	.bss.2: load addr=0000013c, load size=00000004 bytes, run addr=0000d000, run size=00001000 bytes, compression=zero_init
	.bss.3: load addr=00000140, load size=00000004 bytes, run addr=0000e000, run size=0000000c bytes, compression=zero_init


LINKER GENERATED HANDLER TABLE

__TI_handler_table @ 00000132 records: 3, size/record: 2, table size: 6
	index: 0, handler: __TI_zero_init
	index: 1, handler: __TI_decompress_lzss
	index: 2, handler: __TI_decompress_none


GLOBAL DATA SYMBOLS: SORTED BY DATA PAGE

address     data page           name
--------    ----------------    ----
00000400      10 (00000400)     __stack

0000a800     2a0 (0000a800)     firCoeffs

0000ab4c     2ad (0000ab40)     filtbuff1

0000ac4a     2b1 (0000ac40)     Example_Result
0000ac4c     2b1 (0000ac40)     Example_PassCount
0000ac4e     2b1 (0000ac40)     Example_Fail
0000ac50     2b1 (0000ac40)     __TI_enable_exit_profile_output
0000ac52     2b1 (0000ac40)     __TI_cleanup_ptr
0000ac54     2b1 (0000ac40)     __TI_dtors_ptr
0000ac56     2b1 (0000ac40)     _lock
0000ac58     2b1 (0000ac40)     _unlock

0000c000     300 (0000c000)     buffer0

0000c800     320 (0000c800)     buffer1

0000d000     340 (0000d000)     signal

0000d800     360 (0000d800)     buffer1Fixed

0000dc00     370 (0000dc00)     signal_FixedP

0000e000     380 (0000e000)     cpuTimer0IntCount
0000e001     380 (0000e000)     cpuTimer1IntCount
0000e004     380 (0000e000)     Input_Data
0000e006     380 (0000e000)     Output_Data1
0000e008     380 (0000e000)     timer0


GLOBAL SYMBOLS: SORTED ALPHABETICALLY BY Name 

page  address   name                                     
----  -------   ----                                     
0     00008561  C$$EXIT                                  
0     000086ee  CPUTimer_setEmulationMode                
0     0000b273  Device_bootCPU2                          
0     0000b242  Device_configureTMXAnalogTrim            
0     0000b0f0  Device_enableAllPeripherals              
0     0000b22c  Device_enableUnbondedGPIOPullups         
0     0000b20f  Device_enableUnbondedGPIOPullupsFor100Pin
0     0000b1fc  Device_enableUnbondedGPIOPullupsFor176Pin
0     0000b0ae  Device_init                              
0     0000b1db  Device_initGPIO                          
1     0000ac4e  Example_Fail                             
1     0000ac4c  Example_PassCount                        
1     0000ac4a  Example_Result                           
0     0000b3fe  Example_done                             
0     0000b3f9  Example_setResultFail                    
0     0000b3f4  Example_setResultPass                    
0     0000b7c5  GPIO_setControllerCore                   
0     000084d5  GPIO_setDirectionMode                    
0     00008430  GPIO_setPinConfig                        
0     00008467  GPIO_setQualificationMode                
1     0000e004  Input_Data                               
0     000086c4  Interrupt_defaultHandler                 
0     0000849e  Interrupt_enable                         
0     00008784  Interrupt_illegalOperationHandler        
0     000083f3  Interrupt_initModule                     
0     000085f4  Interrupt_initVectorTable                
0     0000878e  Interrupt_nmiHandler                     
1     0000e006  Output_Data1                             
0     00000123  SysCtl_delay                             
0     0000835a  SysCtl_getClock                          
0     0000828c  SysCtl_getDeviceParametric               
0     00008665  SysCtl_getLowSpeedClock                  
0     000083ab  SysCtl_selectOscSource                   
0     0000b6ad  SysCtl_selectXTAL                        
0     00008000  SysCtl_setClock                          
0     00000144  __TI_CINIT_Base                          
0     00000154  __TI_CINIT_Limit                         
0     00000154  __TI_CINIT_Warm                          
0     00000132  __TI_Handler_Table_Base                  
0     00000138  __TI_Handler_Table_Limit                 
1     000007f8  __TI_STACK_END                           
abs   000003f8  __TI_STACK_SIZE                          
0     00008536  __TI_auto_init_nobinit_nopinit           
1     0000ac52  __TI_cleanup_ptr                         
0     00008506  __TI_decompress_lzss                     
0     000087b2  __TI_decompress_none                     
1     0000ac54  __TI_dtors_ptr                           
1     0000ac50  __TI_enable_exit_profile_output          
abs   ffffffff  __TI_pprof_out_hndl                      
abs   ffffffff  __TI_prof_data_size                      
abs   ffffffff  __TI_prof_data_start                     
0     000087c8  __TI_zero_init                           
0     0000b73d  __c28xabi_divf                           
0     000085b2  __c28xabi_dtof                           
0     0000862f  __c28xabi_ftod                           
0     00008209  __c28xabi_mpyd                           
n/a   UNDEFED   __c_args__                               
0     0000b3ed  __error__                                
1     00000400  __stack                                  
0     0000876d  _args_main                               
0     000086ad  _c_int00                                 
1     0000ac56  _lock                                    
0     000087a9  _nop                                     
0     000087a5  _register_lock                           
0     000087a1  _register_unlock                         
0     0000b7fe  _system_post_cinit                       
0     0000b7fc  _system_pre_init                         
1     0000ac58  _unlock                                  
0     00008561  abort                                    
1     0000c000  buffer0                                  
1     0000c800  buffer1                                  
1     0000d800  buffer1Fixed                             
0     00000000  code_start                               
0     0000b524  configCPUTimer                           
0     0000b60e  cpuTimer0ISR                             
1     0000e000  cpuTimer0IntCount                        
0     0000b67c  cpuTimer1ISR                             
1     0000e001  cpuTimer1IntCount                        
0     00008563  exit                                     
1     0000ab4c  filtbuff1                                
0     0000b5c7  filter1                                  
1     0000a800  firCoeffs                                
0     0000b561  generateSignal                           
0     0000b4f5  initCPUTimers                            
0     0000b4aa  main                                     
0     00008612  memcpy                                   
0     000087c1  memset                                   
1     0000d000  signal                                   
1     0000dc00  signal_FixedP                            
0     000082f4  sinf                                     
1     0000e008  timer0                                   


GLOBAL SYMBOLS: SORTED BY Symbol Address 

page  address   name                                     
----  -------   ----                                     
0     00000000  code_start                               
0     00000123  SysCtl_delay                             
0     00000132  __TI_Handler_Table_Base                  
0     00000138  __TI_Handler_Table_Limit                 
0     00000144  __TI_CINIT_Base                          
0     00000154  __TI_CINIT_Limit                         
0     00000154  __TI_CINIT_Warm                          
0     00008000  SysCtl_setClock                          
0     00008209  __c28xabi_mpyd                           
0     0000828c  SysCtl_getDeviceParametric               
0     000082f4  sinf                                     
0     0000835a  SysCtl_getClock                          
0     000083ab  SysCtl_selectOscSource                   
0     000083f3  Interrupt_initModule                     
0     00008430  GPIO_setPinConfig                        
0     00008467  GPIO_setQualificationMode                
0     0000849e  Interrupt_enable                         
0     000084d5  GPIO_setDirectionMode                    
0     00008506  __TI_decompress_lzss                     
0     00008536  __TI_auto_init_nobinit_nopinit           
0     00008561  C$$EXIT                                  
0     00008561  abort                                    
0     00008563  exit                                     
0     000085b2  __c28xabi_dtof                           
0     000085f4  Interrupt_initVectorTable                
0     00008612  memcpy                                   
0     0000862f  __c28xabi_ftod                           
0     00008665  SysCtl_getLowSpeedClock                  
0     000086ad  _c_int00                                 
0     000086c4  Interrupt_defaultHandler                 
0     000086ee  CPUTimer_setEmulationMode                
0     0000876d  _args_main                               
0     00008784  Interrupt_illegalOperationHandler        
0     0000878e  Interrupt_nmiHandler                     
0     000087a1  _register_unlock                         
0     000087a5  _register_lock                           
0     000087a9  _nop                                     
0     000087b2  __TI_decompress_none                     
0     000087c1  memset                                   
0     000087c8  __TI_zero_init                           
0     0000b0ae  Device_init                              
0     0000b0f0  Device_enableAllPeripherals              
0     0000b1db  Device_initGPIO                          
0     0000b1fc  Device_enableUnbondedGPIOPullupsFor176Pin
0     0000b20f  Device_enableUnbondedGPIOPullupsFor100Pin
0     0000b22c  Device_enableUnbondedGPIOPullups         
0     0000b242  Device_configureTMXAnalogTrim            
0     0000b273  Device_bootCPU2                          
0     0000b3ed  __error__                                
0     0000b3f4  Example_setResultPass                    
0     0000b3f9  Example_setResultFail                    
0     0000b3fe  Example_done                             
0     0000b4aa  main                                     
0     0000b4f5  initCPUTimers                            
0     0000b524  configCPUTimer                           
0     0000b561  generateSignal                           
0     0000b5c7  filter1                                  
0     0000b60e  cpuTimer0ISR                             
0     0000b67c  cpuTimer1ISR                             
0     0000b6ad  SysCtl_selectXTAL                        
0     0000b73d  __c28xabi_divf                           
0     0000b7c5  GPIO_setControllerCore                   
0     0000b7fc  _system_pre_init                         
0     0000b7fe  _system_post_cinit                       
1     00000400  __stack                                  
1     000007f8  __TI_STACK_END                           
1     0000a800  firCoeffs                                
1     0000ab4c  filtbuff1                                
1     0000ac4a  Example_Result                           
1     0000ac4c  Example_PassCount                        
1     0000ac4e  Example_Fail                             
1     0000ac50  __TI_enable_exit_profile_output          
1     0000ac52  __TI_cleanup_ptr                         
1     0000ac54  __TI_dtors_ptr                           
1     0000ac56  _lock                                    
1     0000ac58  _unlock                                  
1     0000c000  buffer0                                  
1     0000c800  buffer1                                  
1     0000d000  signal                                   
1     0000d800  buffer1Fixed                             
1     0000dc00  signal_FixedP                            
1     0000e000  cpuTimer0IntCount                        
1     0000e001  cpuTimer1IntCount                        
1     0000e004  Input_Data                               
1     0000e006  Output_Data1                             
1     0000e008  timer0                                   
abs   000003f8  __TI_STACK_SIZE                          
abs   ffffffff  __TI_pprof_out_hndl                      
abs   ffffffff  __TI_prof_data_size                      
abs   ffffffff  __TI_prof_data_start                     
n/a   UNDEFED   __c_args__                               

[91 symbols]
