<?xml version="1.0" encoding="ISO-8859-1" ?>
<link_info>
   <banner>TMS320C2000 Linker Unix v22.6.1.LTS</banner>
   <copyright>Copyright (c) 1996-2018 Texas Instruments Incorporated</copyright>
   <link_time>0x672e4b37</link_time>
   <link_errors>0x0</link_errors>
   <output_file>FIR_Timer_NR.out</output_file>
   <entry_point>
      <name>code_start</name>
      <address>0x0</address>
   </entry_point>
   <input_file_list>
      <input_file id="fl-1">
         <path>./</path>
         <kind>object</kind>
         <file>FIR_TIMER.obj</file>
         <name>FIR_TIMER.obj</name>
      </input_file>
      <input_file id="fl-2">
         <path>./device/</path>
         <kind>object</kind>
         <file>F2837xD_CodeStartBranch.obj</file>
         <name>F2837xD_CodeStartBranch.obj</name>
      </input_file>
      <input_file id="fl-3">
         <path>./device/</path>
         <kind>object</kind>
         <file>device.obj</file>
         <name>device.obj</name>
      </input_file>
      <input_file id="fl-8">
         <kind>object</kind>
         <file>&lt;internal&gt;</file>
         <name>&lt;internal&gt;</name>
      </input_file>
      <input_file id="fl-c">
         <path>/Users/damianstone/ti/C2000Ware_5_03_00_00/driverlib/f2837xd/driverlib/ccs/Debug/</path>
         <kind>archive</kind>
         <file>driverlib_eabi.lib</file>
         <name>cputimer.obj</name>
      </input_file>
      <input_file id="fl-d">
         <path>/Users/damianstone/ti/C2000Ware_5_03_00_00/driverlib/f2837xd/driverlib/ccs/Debug/</path>
         <kind>archive</kind>
         <file>driverlib_eabi.lib</file>
         <name>gpio.obj</name>
      </input_file>
      <input_file id="fl-e">
         <path>/Users/damianstone/ti/C2000Ware_5_03_00_00/driverlib/f2837xd/driverlib/ccs/Debug/</path>
         <kind>archive</kind>
         <file>driverlib_eabi.lib</file>
         <name>interrupt.obj</name>
      </input_file>
      <input_file id="fl-f">
         <path>/Users/damianstone/ti/C2000Ware_5_03_00_00/driverlib/f2837xd/driverlib/ccs/Debug/</path>
         <kind>archive</kind>
         <file>driverlib_eabi.lib</file>
         <name>sysctl.obj</name>
      </input_file>
      <input_file id="fl-1b">
         <path>/Applications/ti/ccs1280/ccs/tools/compiler/ti-cgt-c2000_22.6.1.LTS/lib/</path>
         <kind>archive</kind>
         <file>rts2800_fpu32_eabi.lib</file>
         <name>s_sinf.c.obj</name>
      </input_file>
      <input_file id="fl-1c">
         <path>/Applications/ti/ccs1280/ccs/tools/compiler/ti-cgt-c2000_22.6.1.LTS/lib/</path>
         <kind>archive</kind>
         <file>rts2800_fpu32_eabi.lib</file>
         <name>boot28.asm.obj</name>
      </input_file>
      <input_file id="fl-1d">
         <path>/Applications/ti/ccs1280/ccs/tools/compiler/ti-cgt-c2000_22.6.1.LTS/lib/</path>
         <kind>archive</kind>
         <file>rts2800_fpu32_eabi.lib</file>
         <name>fd_mpy28.asm.obj</name>
      </input_file>
      <input_file id="fl-1e">
         <path>/Applications/ti/ccs1280/ccs/tools/compiler/ti-cgt-c2000_22.6.1.LTS/lib/</path>
         <kind>archive</kind>
         <file>rts2800_fpu32_eabi.lib</file>
         <name>fs_div28.asm.obj</name>
      </input_file>
      <input_file id="fl-1f">
         <path>/Applications/ti/ccs1280/ccs/tools/compiler/ti-cgt-c2000_22.6.1.LTS/lib/</path>
         <kind>archive</kind>
         <file>rts2800_fpu32_eabi.lib</file>
         <name>ll_cmp28.asm.obj</name>
      </input_file>
      <input_file id="fl-20">
         <path>/Applications/ti/ccs1280/ccs/tools/compiler/ti-cgt-c2000_22.6.1.LTS/lib/</path>
         <kind>archive</kind>
         <file>rts2800_fpu32_eabi.lib</file>
         <name>fs_tofdfpu32.asm.obj</name>
      </input_file>
      <input_file id="fl-21">
         <path>/Applications/ti/ccs1280/ccs/tools/compiler/ti-cgt-c2000_22.6.1.LTS/lib/</path>
         <kind>archive</kind>
         <file>rts2800_fpu32_eabi.lib</file>
         <name>fd_tofsfpu32.asm.obj</name>
      </input_file>
      <input_file id="fl-22">
         <path>/Applications/ti/ccs1280/ccs/tools/compiler/ti-cgt-c2000_22.6.1.LTS/lib/</path>
         <kind>archive</kind>
         <file>rts2800_fpu32_eabi.lib</file>
         <name>pre_init.c.obj</name>
      </input_file>
      <input_file id="fl-23">
         <path>/Applications/ti/ccs1280/ccs/tools/compiler/ti-cgt-c2000_22.6.1.LTS/lib/</path>
         <kind>archive</kind>
         <file>rts2800_fpu32_eabi.lib</file>
         <name>autoinit.c.obj</name>
      </input_file>
      <input_file id="fl-24">
         <path>/Applications/ti/ccs1280/ccs/tools/compiler/ti-cgt-c2000_22.6.1.LTS/lib/</path>
         <kind>archive</kind>
         <file>rts2800_fpu32_eabi.lib</file>
         <name>copy_zero_init.c.obj</name>
      </input_file>
      <input_file id="fl-25">
         <path>/Applications/ti/ccs1280/ccs/tools/compiler/ti-cgt-c2000_22.6.1.LTS/lib/</path>
         <kind>archive</kind>
         <file>rts2800_fpu32_eabi.lib</file>
         <name>copy_decompress_none.c.obj</name>
      </input_file>
      <input_file id="fl-26">
         <path>/Applications/ti/ccs1280/ccs/tools/compiler/ti-cgt-c2000_22.6.1.LTS/lib/</path>
         <kind>archive</kind>
         <file>rts2800_fpu32_eabi.lib</file>
         <name>copy_decompress_lzss.c.obj</name>
      </input_file>
      <input_file id="fl-27">
         <path>/Applications/ti/ccs1280/ccs/tools/compiler/ti-cgt-c2000_22.6.1.LTS/lib/</path>
         <kind>archive</kind>
         <file>rts2800_fpu32_eabi.lib</file>
         <name>exit.c.obj</name>
      </input_file>
      <input_file id="fl-28">
         <path>/Applications/ti/ccs1280/ccs/tools/compiler/ti-cgt-c2000_22.6.1.LTS/lib/</path>
         <kind>archive</kind>
         <file>rts2800_fpu32_eabi.lib</file>
         <name>_lock.c.obj</name>
      </input_file>
      <input_file id="fl-29">
         <path>/Applications/ti/ccs1280/ccs/tools/compiler/ti-cgt-c2000_22.6.1.LTS/lib/</path>
         <kind>archive</kind>
         <file>rts2800_fpu32_eabi.lib</file>
         <name>args_main.c.obj</name>
      </input_file>
      <input_file id="fl-2a">
         <path>/Applications/ti/ccs1280/ccs/tools/compiler/ti-cgt-c2000_22.6.1.LTS/lib/</path>
         <kind>archive</kind>
         <file>rts2800_fpu32_eabi.lib</file>
         <name>memset.c.obj</name>
      </input_file>
      <input_file id="fl-2b">
         <path>/Applications/ti/ccs1280/ccs/tools/compiler/ti-cgt-c2000_22.6.1.LTS/lib/</path>
         <kind>archive</kind>
         <file>rts2800_fpu32_eabi.lib</file>
         <name>cpy_tbl.c.obj</name>
      </input_file>
      <input_file id="fl-2c">
         <path>/Applications/ti/ccs1280/ccs/tools/compiler/ti-cgt-c2000_22.6.1.LTS/lib/</path>
         <kind>archive</kind>
         <file>rts2800_fpu32_eabi.lib</file>
         <name>memcpy.c.obj</name>
      </input_file>
      <input_file id="fl-2d">
         <path>/Applications/ti/ccs1280/ccs/tools/compiler/ti-cgt-c2000_22.6.1.LTS/lib/</path>
         <kind>archive</kind>
         <file>rts2800_fpu32_eabi.lib</file>
         <name>startup.c.obj</name>
      </input_file>
   </input_file_list>
   <object_component_list>
      <object_component id="oc-20">
         <name>codestart</name>
         <load_address>0x0</load_address>
         <run_address>0x0</run_address>
         <size>0x2</size>
         <input_file_ref idref="fl-2"/>
      </object_component>
      <object_component id="oc-e4">
         <name>.text:SysCtl_setClock</name>
         <load_address>0x8000</load_address>
         <run_address>0x8000</run_address>
         <size>0x209</size>
         <input_file_ref idref="fl-f"/>
      </object_component>
      <object_component id="oc-9b">
         <name>.text</name>
         <load_address>0x8209</load_address>
         <run_address>0x8209</run_address>
         <size>0x83</size>
         <input_file_ref idref="fl-1d"/>
      </object_component>
      <object_component id="oc-de">
         <name>.text:SysCtl_getDeviceParametric</name>
         <load_address>0x828c</load_address>
         <run_address>0x828c</run_address>
         <size>0x68</size>
         <input_file_ref idref="fl-f"/>
      </object_component>
      <object_component id="oc-a5">
         <name>.text</name>
         <load_address>0x82f4</load_address>
         <run_address>0x82f4</run_address>
         <size>0x66</size>
         <input_file_ref idref="fl-1b"/>
      </object_component>
      <object_component id="oc-ea">
         <name>.text:SysCtl_getClock</name>
         <load_address>0x835a</load_address>
         <run_address>0x835a</run_address>
         <size>0x51</size>
         <input_file_ref idref="fl-f"/>
      </object_component>
      <object_component id="oc-15f">
         <name>.text:SysCtl_selectOscSource</name>
         <load_address>0x83ab</load_address>
         <run_address>0x83ab</run_address>
         <size>0x48</size>
         <input_file_ref idref="fl-f"/>
      </object_component>
      <object_component id="oc-7e">
         <name>.text:Interrupt_initModule</name>
         <load_address>0x83f3</load_address>
         <run_address>0x83f3</run_address>
         <size>0x3d</size>
         <input_file_ref idref="fl-e"/>
      </object_component>
      <object_component id="oc-103">
         <name>.text:GPIO_setPinConfig</name>
         <load_address>0x8430</load_address>
         <run_address>0x8430</run_address>
         <size>0x37</size>
         <input_file_ref idref="fl-d"/>
      </object_component>
      <object_component id="oc-fd">
         <name>.text:GPIO_setQualificationMode</name>
         <load_address>0x8467</load_address>
         <run_address>0x8467</run_address>
         <size>0x37</size>
         <input_file_ref idref="fl-d"/>
      </object_component>
      <object_component id="oc-84">
         <name>.text:Interrupt_enable</name>
         <load_address>0x849e</load_address>
         <run_address>0x849e</run_address>
         <size>0x37</size>
         <input_file_ref idref="fl-e"/>
      </object_component>
      <object_component id="oc-f7">
         <name>.text:GPIO_setDirectionMode</name>
         <load_address>0x84d5</load_address>
         <run_address>0x84d5</run_address>
         <size>0x31</size>
         <input_file_ref idref="fl-d"/>
      </object_component>
      <object_component id="oc-13">
         <name>.text:decompress:lzss</name>
         <load_address>0x8506</load_address>
         <run_address>0x8506</run_address>
         <size>0x30</size>
         <input_file_ref idref="fl-26"/>
      </object_component>
      <object_component id="oc-18e">
         <name>.text:__TI_auto_init_nobinit_nopinit</name>
         <load_address>0x8536</load_address>
         <run_address>0x8536</run_address>
         <size>0x2b</size>
         <input_file_ref idref="fl-23"/>
      </object_component>
      <object_component id="oc-14f">
         <name>.text</name>
         <load_address>0x8561</load_address>
         <run_address>0x8561</run_address>
         <size>0x29</size>
         <input_file_ref idref="fl-27"/>
      </object_component>
      <object_component id="oc-213">
         <name>.text:CPUTimer_selectClockSource</name>
         <load_address>0x858a</load_address>
         <run_address>0x858a</run_address>
         <size>0x28</size>
         <input_file_ref idref="fl-f"/>
      </object_component>
      <object_component id="oc-a0">
         <name>.text</name>
         <load_address>0x85b2</load_address>
         <run_address>0x85b2</run_address>
         <size>0x23</size>
         <input_file_ref idref="fl-21"/>
      </object_component>
      <object_component id="oc-24c">
         <name>.text:CPUTimer_getTimerOverflowStatus</name>
         <load_address>0x85d5</load_address>
         <run_address>0x85d5</run_address>
         <size>0x1f</size>
         <input_file_ref idref="fl-f"/>
      </object_component>
      <object_component id="oc-32">
         <name>.text:Interrupt_initVectorTable</name>
         <load_address>0x85f4</load_address>
         <run_address>0x85f4</run_address>
         <size>0x1e</size>
         <input_file_ref idref="fl-e"/>
      </object_component>
      <object_component id="oc-4c">
         <name>.text</name>
         <load_address>0x8612</load_address>
         <run_address>0x8612</run_address>
         <size>0x1d</size>
         <input_file_ref idref="fl-2c"/>
      </object_component>
      <object_component id="oc-95">
         <name>.text</name>
         <load_address>0x862f</load_address>
         <run_address>0x862f</run_address>
         <size>0x1c</size>
         <input_file_ref idref="fl-20"/>
      </object_component>
      <object_component id="oc-21f">
         <name>.text:CPUTimer_startTimer</name>
         <load_address>0x864b</load_address>
         <run_address>0x864b</run_address>
         <size>0x1a</size>
         <input_file_ref idref="fl-f"/>
      </object_component>
      <object_component id="oc-f1">
         <name>.text:SysCtl_getLowSpeedClock</name>
         <load_address>0x8665</load_address>
         <run_address>0x8665</run_address>
         <size>0x1a</size>
         <input_file_ref idref="fl-f"/>
      </object_component>
      <object_component id="oc-123">
         <name>.text:CPUTimer_isBaseValid</name>
         <load_address>0x867f</load_address>
         <run_address>0x867f</run_address>
         <size>0x17</size>
         <input_file_ref idref="fl-c"/>
      </object_component>
      <object_component id="oc-240">
         <name>.text:CPUTimer_isBaseValid</name>
         <load_address>0x8696</load_address>
         <run_address>0x8696</run_address>
         <size>0x17</size>
         <input_file_ref idref="fl-f"/>
      </object_component>
      <object_component id="oc-cb">
         <name>.text</name>
         <load_address>0x86ad</load_address>
         <run_address>0x86ad</run_address>
         <size>0x17</size>
         <input_file_ref idref="fl-1c"/>
      </object_component>
      <object_component id="oc-31">
         <name>.text:Interrupt_defaultHandler</name>
         <load_address>0x86c4</load_address>
         <run_address>0x86c4</run_address>
         <size>0x16</size>
         <input_file_ref idref="fl-e"/>
      </object_component>
      <object_component id="oc-207">
         <name>.text:CPUTimer_stopTimer</name>
         <load_address>0x86da</load_address>
         <run_address>0x86da</run_address>
         <size>0x14</size>
         <input_file_ref idref="fl-f"/>
      </object_component>
      <object_component id="oc-8f">
         <name>.text:CPUTimer_setEmulationMode</name>
         <load_address>0x86ee</load_address>
         <run_address>0x86ee</run_address>
         <size>0x13</size>
         <input_file_ref idref="fl-c"/>
      </object_component>
      <object_component id="oc-219">
         <name>.text:CPUTimer_clearOverflowFlag</name>
         <load_address>0x8701</load_address>
         <run_address>0x8701</run_address>
         <size>0x12</size>
         <input_file_ref idref="fl-f"/>
      </object_component>
      <object_component id="oc-201">
         <name>.text:CPUTimer_disableInterrupt</name>
         <load_address>0x8713</load_address>
         <run_address>0x8713</run_address>
         <size>0x12</size>
         <input_file_ref idref="fl-f"/>
      </object_component>
      <object_component id="oc-20d">
         <name>.text:CPUTimer_setPeriod</name>
         <load_address>0x8725</load_address>
         <run_address>0x8725</run_address>
         <size>0x11</size>
         <input_file_ref idref="fl-f"/>
      </object_component>
      <object_component id="oc-225">
         <name>.text:SysCtl_pollCpuTimer</name>
         <load_address>0x8736</load_address>
         <run_address>0x8736</run_address>
         <size>0xf</size>
         <input_file_ref idref="fl-f"/>
      </object_component>
      <object_component id="oc-16f">
         <name>.text:GPIO_isPinValid</name>
         <load_address>0x8745</load_address>
         <run_address>0x8745</run_address>
         <size>0xe</size>
         <input_file_ref idref="fl-d"/>
      </object_component>
      <object_component id="oc-114">
         <name>.text:Interrupt_disableGlobal</name>
         <load_address>0x8753</load_address>
         <run_address>0x8753</run_address>
         <size>0xd</size>
         <input_file_ref idref="fl-e"/>
      </object_component>
      <object_component id="oc-11b">
         <name>.text:Interrupt_enableGlobal</name>
         <load_address>0x8760</load_address>
         <run_address>0x8760</run_address>
         <size>0xd</size>
         <input_file_ref idref="fl-e"/>
      </object_component>
      <object_component id="oc-149">
         <name>.text</name>
         <load_address>0x876d</load_address>
         <run_address>0x876d</run_address>
         <size>0xc</size>
         <input_file_ref idref="fl-29"/>
      </object_component>
      <object_component id="oc-159">
         <name>.text:SysCtl_isMCDClockFailureDetected</name>
         <load_address>0x8779</load_address>
         <run_address>0x8779</run_address>
         <size>0xb</size>
         <input_file_ref idref="fl-f"/>
      </object_component>
      <object_component id="oc-3d">
         <name>.text:Interrupt_illegalOperationHandler</name>
         <load_address>0x8784</load_address>
         <run_address>0x8784</run_address>
         <size>0xa</size>
         <input_file_ref idref="fl-e"/>
      </object_component>
      <object_component id="oc-43">
         <name>.text:Interrupt_nmiHandler</name>
         <load_address>0x878e</load_address>
         <run_address>0x878e</run_address>
         <size>0xa</size>
         <input_file_ref idref="fl-e"/>
      </object_component>
      <object_component id="oc-166">
         <name>.text:SysCtl_serviceWatchdog</name>
         <load_address>0x8798</load_address>
         <run_address>0x8798</run_address>
         <size>0x9</size>
         <input_file_ref idref="fl-f"/>
      </object_component>
      <object_component id="oc-1f5">
         <name>.text</name>
         <load_address>0x87a1</load_address>
         <run_address>0x87a1</run_address>
         <size>0x9</size>
         <input_file_ref idref="fl-28"/>
      </object_component>
      <object_component id="oc-60">
         <name>.text</name>
         <load_address>0x87aa</load_address>
         <run_address>0x87aa</run_address>
         <size>0x8</size>
         <input_file_ref idref="fl-2"/>
      </object_component>
      <object_component id="oc-19">
         <name>.text:decompress:none</name>
         <load_address>0x87b2</load_address>
         <run_address>0x87b2</run_address>
         <size>0x8</size>
         <input_file_ref idref="fl-25"/>
      </object_component>
      <object_component id="oc-22b">
         <name>.text:SysCtl_resetMCD</name>
         <load_address>0x87ba</load_address>
         <run_address>0x87ba</run_address>
         <size>0x7</size>
         <input_file_ref idref="fl-f"/>
      </object_component>
      <object_component id="oc-c4">
         <name>.text</name>
         <load_address>0x87c1</load_address>
         <run_address>0x87c1</run_address>
         <size>0x7</size>
         <input_file_ref idref="fl-2a"/>
      </object_component>
      <object_component id="oc-5a">
         <name>.text:decompress:ZI</name>
         <load_address>0x87c8</load_address>
         <run_address>0x87c8</run_address>
         <size>0x6</size>
         <input_file_ref idref="fl-24"/>
      </object_component>
      <object_component id="oc-78">
         <name>.text</name>
         <load_address>0xb000</load_address>
         <run_address>0xb000</run_address>
         <size>0x3ff</size>
         <input_file_ref idref="fl-3"/>
      </object_component>
      <object_component id="oc-2b">
         <name>.text</name>
         <load_address>0xb3ff</load_address>
         <run_address>0xb3ff</run_address>
         <size>0x20f</size>
         <input_file_ref idref="fl-1"/>
      </object_component>
      <object_component id="oc-25">
         <name>.text:retain</name>
         <load_address>0xb60e</load_address>
         <run_address>0xb60e</run_address>
         <size>0x9f</size>
         <input_file_ref idref="fl-1"/>
      </object_component>
      <object_component id="oc-1cc">
         <name>.text:SysCtl_selectXTAL</name>
         <load_address>0xb6ad</load_address>
         <run_address>0xb6ad</run_address>
         <size>0x90</size>
         <input_file_ref idref="fl-f"/>
      </object_component>
      <object_component id="oc-8a">
         <name>.text</name>
         <load_address>0xb73d</load_address>
         <run_address>0xb73d</run_address>
         <size>0x88</size>
         <input_file_ref idref="fl-1e"/>
      </object_component>
      <object_component id="oc-109">
         <name>.text:GPIO_setControllerCore</name>
         <load_address>0xb7c5</load_address>
         <run_address>0xb7c5</run_address>
         <size>0x37</size>
         <input_file_ref idref="fl-d"/>
      </object_component>
      <object_component id="oc-142">
         <name>.text</name>
         <load_address>0xb7fc</load_address>
         <run_address>0xb7fc</run_address>
         <size>0x2</size>
         <input_file_ref idref="fl-22"/>
      </object_component>
      <object_component id="oc-1db">
         <name>.text</name>
         <load_address>0xb7fe</load_address>
         <run_address>0xb7fe</run_address>
         <size>0x1</size>
         <input_file_ref idref="fl-2d"/>
      </object_component>
      <object_component id="oc-285">
         <name>.cinit..data.load</name>
         <load_address>0x128</load_address>
         <run_address>0x128</run_address>
         <size>0xa</size>
      </object_component>
      <object_component id="oc-282">
         <name>__TI_handler_table</name>
         <load_address>0x132</load_address>
         <run_address>0x132</run_address>
         <size>0x6</size>
      </object_component>
      <object_component id="oc-28c">
         <name>.cinit..bss.1.load</name>
         <load_address>0x138</load_address>
         <run_address>0x138</run_address>
         <size>0x4</size>
      </object_component>
      <object_component id="oc-28d">
         <name>.cinit..bss.2.load</name>
         <load_address>0x13c</load_address>
         <run_address>0x13c</run_address>
         <size>0x4</size>
      </object_component>
      <object_component id="oc-28e">
         <name>.cinit..bss.3.load</name>
         <load_address>0x140</load_address>
         <run_address>0x140</run_address>
         <size>0x4</size>
      </object_component>
      <object_component id="oc-283">
         <name>__TI_cinit_table</name>
         <load_address>0x144</load_address>
         <run_address>0x144</run_address>
         <size>0x10</size>
      </object_component>
      <object_component id="oc-49">
         <name>.stack</name>
         <uninitialized>true</uninitialized>
         <run_address>0x400</run_address>
         <size>0x0</size>
         <input_file_ref idref="fl-1c"/>
      </object_component>
      <object_component id="oc-286">
         <name>.stack</name>
         <uninitialized>true</uninitialized>
         <run_address>0x400</run_address>
         <size>0x0</size>
      </object_component>
      <object_component id="oc-6c">
         <name>.bss:buffer0</name>
         <uninitialized>true</uninitialized>
         <run_address>0xc000</run_address>
         <size>0x800</size>
         <input_file_ref idref="fl-1"/>
      </object_component>
      <object_component id="oc-6f">
         <name>.bss:buffer1</name>
         <uninitialized>true</uninitialized>
         <run_address>0xc800</run_address>
         <size>0x800</size>
         <input_file_ref idref="fl-1"/>
      </object_component>
      <object_component id="oc-69">
         <name>.bss:signal</name>
         <uninitialized>true</uninitialized>
         <run_address>0xd000</run_address>
         <size>0x800</size>
         <input_file_ref idref="fl-1"/>
      </object_component>
      <object_component id="oc-72">
         <name>.bss:buffer1Fixed</name>
         <uninitialized>true</uninitialized>
         <run_address>0xd800</run_address>
         <size>0x400</size>
         <input_file_ref idref="fl-1"/>
      </object_component>
      <object_component id="oc-ab">
         <name>.bss:signal_FixedP</name>
         <uninitialized>true</uninitialized>
         <run_address>0xdc00</run_address>
         <size>0x400</size>
         <input_file_ref idref="fl-1"/>
      </object_component>
      <object_component id="oc-66">
         <name>.bss</name>
         <uninitialized>true</uninitialized>
         <run_address>0xe000</run_address>
         <size>0xc</size>
         <input_file_ref idref="fl-1"/>
      </object_component>
      <object_component id="oc-b1">
         <name>.const:firCoeffs</name>
         <load_address>0xa800</load_address>
         <run_address>0xa800</run_address>
         <size>0xfe</size>
         <input_file_ref idref="fl-1"/>
      </object_component>
      <object_component id="oc-158">
         <name>.const:.string</name>
         <load_address>0xa8fe</load_address>
         <run_address>0xa8fe</run_address>
         <size>0xc2</size>
         <input_file_ref idref="fl-f"/>
      </object_component>
      <object_component id="oc-175">
         <name>.const:.string</name>
         <load_address>0xa9c0</load_address>
         <run_address>0xa9c0</run_address>
         <size>0xbc</size>
         <input_file_ref idref="fl-d"/>
      </object_component>
      <object_component id="oc-129">
         <name>.const:.string</name>
         <load_address>0xaa7c</load_address>
         <run_address>0xaa7c</run_address>
         <size>0x62</size>
         <input_file_ref idref="fl-c"/>
      </object_component>
      <object_component id="oc-77">
         <name>.const:.string</name>
         <load_address>0xaade</load_address>
         <run_address>0xaade</run_address>
         <size>0x52</size>
         <input_file_ref idref="fl-1"/>
      </object_component>
      <object_component id="oc-f0">
         <name>.const:.string</name>
         <load_address>0xab30</load_address>
         <run_address>0xab30</run_address>
         <size>0x13</size>
         <input_file_ref idref="fl-3"/>
      </object_component>
      <object_component id="oc-9a">
         <name>.const</name>
         <load_address>0xab44</load_address>
         <run_address>0xab44</run_address>
         <size>0x8</size>
         <input_file_ref idref="fl-1"/>
      </object_component>
      <object_component id="oc-ae">
         <name>.data:filtbuff1</name>
         <load_address>0xab4c</load_address>
         <run_address>0xab4c</run_address>
         <size>0xfe</size>
         <input_file_ref idref="fl-1"/>
      </object_component>
      <object_component id="oc-10f">
         <name>.data</name>
         <load_address>0xac4a</load_address>
         <run_address>0xac4a</run_address>
         <size>0x6</size>
         <input_file_ref idref="fl-3"/>
      </object_component>
      <object_component id="oc-1c0">
         <name>.data</name>
         <load_address>0xac50</load_address>
         <run_address>0xac50</run_address>
         <size>0x6</size>
         <input_file_ref idref="fl-27"/>
      </object_component>
      <object_component id="oc-1c3">
         <name>.data:_lock</name>
         <load_address>0xac56</load_address>
         <run_address>0xac56</run_address>
         <size>0x2</size>
         <input_file_ref idref="fl-28"/>
      </object_component>
      <object_component id="oc-239">
         <name>.data:_unlock</name>
         <load_address>0xac58</load_address>
         <run_address>0xac58</run_address>
         <size>0x2</size>
         <input_file_ref idref="fl-28"/>
      </object_component>
      <object_component id="oc-165">
         <name>.TI.ramfunc</name>
         <load_address>0x123</load_address>
         <run_address>0x123</run_address>
         <size>0x4</size>
         <input_file_ref idref="fl-f"/>
      </object_component>
      <object_component id="oc-76">
         <name>.debug_types</name>
         <load_address>0x0</load_address>
         <run_address>0x0</run_address>
         <size>0x6fb</size>
         <input_file_ref idref="fl-1"/>
      </object_component>
      <object_component id="oc-113">
         <name>.debug_types</name>
         <load_address>0x6fb</load_address>
         <run_address>0x6fb</run_address>
         <size>0x103d</size>
         <input_file_ref idref="fl-3"/>
      </object_component>
      <object_component id="oc-12b">
         <name>.debug_types</name>
         <load_address>0x0</load_address>
         <run_address>0x0</run_address>
         <size>0x0</size>
         <input_file_ref idref="fl-c"/>
      </object_component>
      <object_component id="oc-177">
         <name>.debug_types</name>
         <load_address>0x1738</load_address>
         <run_address>0x1738</run_address>
         <size>0x2c4</size>
         <input_file_ref idref="fl-d"/>
      </object_component>
      <object_component id="oc-b6">
         <name>.debug_types</name>
         <load_address>0x0</load_address>
         <run_address>0x0</run_address>
         <size>0x0</size>
         <input_file_ref idref="fl-e"/>
      </object_component>
      <object_component id="oc-157">
         <name>.debug_types</name>
         <load_address>0x19fc</load_address>
         <run_address>0x19fc</run_address>
         <size>0x254</size>
         <input_file_ref idref="fl-f"/>
      </object_component>
      <object_component id="oc-130">
         <name>.debug_types</name>
         <load_address>0x1c50</load_address>
         <run_address>0x1c50</run_address>
         <size>0x5e</size>
         <input_file_ref idref="fl-1b"/>
      </object_component>
      <object_component id="oc-18d">
         <name>.debug_types</name>
         <load_address>0x0</load_address>
         <run_address>0x0</run_address>
         <size>0x0</size>
         <input_file_ref idref="fl-22"/>
      </object_component>
      <object_component id="oc-1e2">
         <name>.debug_types</name>
         <load_address>0x1cae</load_address>
         <run_address>0x1cae</run_address>
         <size>0x49b</size>
         <input_file_ref idref="fl-23"/>
      </object_component>
      <object_component id="oc-c3">
         <name>.debug_types</name>
         <load_address>0x2149</load_address>
         <run_address>0x2149</run_address>
         <size>0x1f3</size>
         <input_file_ref idref="fl-24"/>
      </object_component>
      <object_component id="oc-53">
         <name>.debug_types</name>
         <load_address>0x0</load_address>
         <run_address>0x0</run_address>
         <size>0x0</size>
         <input_file_ref idref="fl-25"/>
      </object_component>
      <object_component id="oc-4b">
         <name>.debug_types</name>
         <load_address>0x233c</load_address>
         <run_address>0x233c</run_address>
         <size>0x191</size>
         <input_file_ref idref="fl-26"/>
      </object_component>
      <object_component id="oc-1c7">
         <name>.debug_types</name>
         <load_address>0x24cd</load_address>
         <run_address>0x24cd</run_address>
         <size>0xbf</size>
         <input_file_ref idref="fl-27"/>
      </object_component>
      <object_component id="oc-1fd">
         <name>.debug_types</name>
         <load_address>0x258c</load_address>
         <run_address>0x258c</run_address>
         <size>0x2f</size>
         <input_file_ref idref="fl-28"/>
      </object_component>
      <object_component id="oc-1bf">
         <name>.debug_types</name>
         <load_address>0x25bb</load_address>
         <run_address>0x25bb</run_address>
         <size>0xe1</size>
         <input_file_ref idref="fl-29"/>
      </object_component>
      <object_component id="oc-141">
         <name>.debug_types</name>
         <load_address>0x269c</load_address>
         <run_address>0x269c</run_address>
         <size>0x2f</size>
         <input_file_ref idref="fl-2a"/>
      </object_component>
      <object_component id="oc-be">
         <name>.debug_types</name>
         <load_address>0x26cb</load_address>
         <run_address>0x26cb</run_address>
         <size>0x89</size>
         <input_file_ref idref="fl-2c"/>
      </object_component>
      <object_component id="oc-233">
         <name>.debug_types</name>
         <load_address>0x0</load_address>
         <run_address>0x0</run_address>
         <size>0x0</size>
         <input_file_ref idref="fl-2d"/>
      </object_component>
      <object_component id="oc-67">
         <name>.debug_info</name>
         <load_address>0x0</load_address>
         <run_address>0x0</run_address>
         <size>0x1af</size>
         <input_file_ref idref="fl-1"/>
      </object_component>
      <object_component id="oc-b2">
         <name>.debug_info</name>
         <load_address>0x1af</load_address>
         <run_address>0x1af</run_address>
         <size>0xf5</size>
         <input_file_ref idref="fl-1"/>
      </object_component>
      <object_component id="oc-af">
         <name>.debug_info</name>
         <load_address>0x2a4</load_address>
         <run_address>0x2a4</run_address>
         <size>0xf5</size>
         <input_file_ref idref="fl-1"/>
      </object_component>
      <object_component id="oc-ac">
         <name>.debug_info</name>
         <load_address>0x399</load_address>
         <run_address>0x399</run_address>
         <size>0xfd</size>
         <input_file_ref idref="fl-1"/>
      </object_component>
      <object_component id="oc-73">
         <name>.debug_info</name>
         <load_address>0x496</load_address>
         <run_address>0x496</run_address>
         <size>0xfb</size>
         <input_file_ref idref="fl-1"/>
      </object_component>
      <object_component id="oc-6a">
         <name>.debug_info</name>
         <load_address>0x591</load_address>
         <run_address>0x591</run_address>
         <size>0xef</size>
         <input_file_ref idref="fl-1"/>
      </object_component>
      <object_component id="oc-6d">
         <name>.debug_info</name>
         <load_address>0x680</load_address>
         <run_address>0x680</run_address>
         <size>0xf1</size>
         <input_file_ref idref="fl-1"/>
      </object_component>
      <object_component id="oc-70">
         <name>.debug_info</name>
         <load_address>0x771</load_address>
         <run_address>0x771</run_address>
         <size>0xf1</size>
         <input_file_ref idref="fl-1"/>
      </object_component>
      <object_component id="oc-2f">
         <name>.debug_info</name>
         <load_address>0x862</load_address>
         <run_address>0x862</run_address>
         <size>0xf31</size>
         <input_file_ref idref="fl-1"/>
      </object_component>
      <object_component id="oc-28">
         <name>.debug_info</name>
         <load_address>0x1793</load_address>
         <run_address>0x1793</run_address>
         <size>0x1b7</size>
         <input_file_ref idref="fl-1"/>
      </object_component>
      <object_component id="oc-21">
         <name>.debug_info</name>
         <load_address>0x194a</load_address>
         <run_address>0x194a</run_address>
         <size>0x11a</size>
         <input_file_ref idref="fl-2"/>
      </object_component>
      <object_component id="oc-61">
         <name>.debug_info</name>
         <load_address>0x1a64</load_address>
         <run_address>0x1a64</run_address>
         <size>0x11b</size>
         <input_file_ref idref="fl-2"/>
      </object_component>
      <object_component id="oc-110">
         <name>.debug_info</name>
         <load_address>0x1b7f</load_address>
         <run_address>0x1b7f</run_address>
         <size>0x165</size>
         <input_file_ref idref="fl-3"/>
      </object_component>
      <object_component id="oc-7a">
         <name>.debug_info</name>
         <load_address>0x1ce4</load_address>
         <run_address>0x1ce4</run_address>
         <size>0x1d3c</size>
         <input_file_ref idref="fl-3"/>
      </object_component>
      <object_component id="oc-124">
         <name>.debug_info</name>
         <load_address>0x3a20</load_address>
         <run_address>0x3a20</run_address>
         <size>0x219</size>
         <input_file_ref idref="fl-c"/>
      </object_component>
      <object_component id="oc-90">
         <name>.debug_info</name>
         <load_address>0x3c39</load_address>
         <run_address>0x3c39</run_address>
         <size>0x265</size>
         <input_file_ref idref="fl-c"/>
      </object_component>
      <object_component id="oc-171">
         <name>.debug_info</name>
         <load_address>0x3e9e</load_address>
         <run_address>0x3e9e</run_address>
         <size>0x205</size>
         <input_file_ref idref="fl-d"/>
      </object_component>
      <object_component id="oc-f9">
         <name>.debug_info</name>
         <load_address>0x40a3</load_address>
         <run_address>0x40a3</run_address>
         <size>0x27d</size>
         <input_file_ref idref="fl-d"/>
      </object_component>
      <object_component id="oc-ff">
         <name>.debug_info</name>
         <load_address>0x4320</load_address>
         <run_address>0x4320</run_address>
         <size>0x2ae</size>
         <input_file_ref idref="fl-d"/>
      </object_component>
      <object_component id="oc-10c">
         <name>.debug_info</name>
         <load_address>0x45ce</load_address>
         <run_address>0x45ce</run_address>
         <size>0x296</size>
         <input_file_ref idref="fl-d"/>
      </object_component>
      <object_component id="oc-106">
         <name>.debug_info</name>
         <load_address>0x4864</load_address>
         <run_address>0x4864</run_address>
         <size>0x24f</size>
         <input_file_ref idref="fl-d"/>
      </object_component>
      <object_component id="oc-11c">
         <name>.debug_info</name>
         <load_address>0x4ab3</load_address>
         <run_address>0x4ab3</run_address>
         <size>0x1fe</size>
         <input_file_ref idref="fl-e"/>
      </object_component>
      <object_component id="oc-115">
         <name>.debug_info</name>
         <load_address>0x4cb1</load_address>
         <run_address>0x4cb1</run_address>
         <size>0x200</size>
         <input_file_ref idref="fl-e"/>
      </object_component>
      <object_component id="oc-7f">
         <name>.debug_info</name>
         <load_address>0x4eb1</load_address>
         <run_address>0x4eb1</run_address>
         <size>0x20f</size>
         <input_file_ref idref="fl-e"/>
      </object_component>
      <object_component id="oc-38">
         <name>.debug_info</name>
         <load_address>0x50c0</load_address>
         <run_address>0x50c0</run_address>
         <size>0x21c</size>
         <input_file_ref idref="fl-e"/>
      </object_component>
      <object_component id="oc-3e">
         <name>.debug_info</name>
         <load_address>0x52dc</load_address>
         <run_address>0x52dc</run_address>
         <size>0x202</size>
         <input_file_ref idref="fl-e"/>
      </object_component>
      <object_component id="oc-44">
         <name>.debug_info</name>
         <load_address>0x54de</load_address>
         <run_address>0x54de</run_address>
         <size>0x1e8</size>
         <input_file_ref idref="fl-e"/>
      </object_component>
      <object_component id="oc-33">
         <name>.debug_info</name>
         <load_address>0x56c6</load_address>
         <run_address>0x56c6</run_address>
         <size>0x20c</size>
         <input_file_ref idref="fl-e"/>
      </object_component>
      <object_component id="oc-85">
         <name>.debug_info</name>
         <load_address>0x58d2</load_address>
         <run_address>0x58d2</run_address>
         <size>0x2b3</size>
         <input_file_ref idref="fl-e"/>
      </object_component>
      <object_component id="oc-169">
         <name>.debug_info</name>
         <load_address>0x5b85</load_address>
         <run_address>0x5b85</run_address>
         <size>0x1f2</size>
         <input_file_ref idref="fl-f"/>
      </object_component>
      <object_component id="oc-15c">
         <name>.debug_info</name>
         <load_address>0x5d77</load_address>
         <run_address>0x5d77</run_address>
         <size>0x20e</size>
         <input_file_ref idref="fl-f"/>
      </object_component>
      <object_component id="oc-22e">
         <name>.debug_info</name>
         <load_address>0x5f85</load_address>
         <run_address>0x5f85</run_address>
         <size>0x1e4</size>
         <input_file_ref idref="fl-f"/>
      </object_component>
      <object_component id="oc-243">
         <name>.debug_info</name>
         <load_address>0x6169</load_address>
         <run_address>0x6169</run_address>
         <size>0x217</size>
         <input_file_ref idref="fl-f"/>
      </object_component>
      <object_component id="oc-21c">
         <name>.debug_info</name>
         <load_address>0x6380</load_address>
         <run_address>0x6380</run_address>
         <size>0x244</size>
         <input_file_ref idref="fl-f"/>
      </object_component>
      <object_component id="oc-204">
         <name>.debug_info</name>
         <load_address>0x65c4</load_address>
         <run_address>0x65c4</run_address>
         <size>0x242</size>
         <input_file_ref idref="fl-f"/>
      </object_component>
      <object_component id="oc-20a">
         <name>.debug_info</name>
         <load_address>0x6806</load_address>
         <run_address>0x6806</run_address>
         <size>0x24a</size>
         <input_file_ref idref="fl-f"/>
      </object_component>
      <object_component id="oc-222">
         <name>.debug_info</name>
         <load_address>0x6a50</load_address>
         <run_address>0x6a50</run_address>
         <size>0x24d</size>
         <input_file_ref idref="fl-f"/>
      </object_component>
      <object_component id="oc-210">
         <name>.debug_info</name>
         <load_address>0x6c9d</load_address>
         <run_address>0x6c9d</run_address>
         <size>0x24e</size>
         <input_file_ref idref="fl-f"/>
      </object_component>
      <object_component id="oc-24f">
         <name>.debug_info</name>
         <load_address>0x6eeb</load_address>
         <run_address>0x6eeb</run_address>
         <size>0x258</size>
         <input_file_ref idref="fl-f"/>
      </object_component>
      <object_component id="oc-216">
         <name>.debug_info</name>
         <load_address>0x7143</load_address>
         <run_address>0x7143</run_address>
         <size>0x27c</size>
         <input_file_ref idref="fl-f"/>
      </object_component>
      <object_component id="oc-228">
         <name>.debug_info</name>
         <load_address>0x73bf</load_address>
         <run_address>0x73bf</run_address>
         <size>0x241</size>
         <input_file_ref idref="fl-f"/>
      </object_component>
      <object_component id="oc-ed">
         <name>.debug_info</name>
         <load_address>0x7600</load_address>
         <run_address>0x7600</run_address>
         <size>0x277</size>
         <input_file_ref idref="fl-f"/>
      </object_component>
      <object_component id="oc-e8">
         <name>.debug_info</name>
         <load_address>0x7877</load_address>
         <run_address>0x7877</run_address>
         <size>0x519</size>
         <input_file_ref idref="fl-f"/>
      </object_component>
      <object_component id="oc-1d0">
         <name>.debug_info</name>
         <load_address>0x7d90</load_address>
         <run_address>0x7d90</run_address>
         <size>0x3ba</size>
         <input_file_ref idref="fl-f"/>
      </object_component>
      <object_component id="oc-163">
         <name>.debug_info</name>
         <load_address>0x814a</load_address>
         <run_address>0x814a</run_address>
         <size>0x243</size>
         <input_file_ref idref="fl-f"/>
      </object_component>
      <object_component id="oc-f5">
         <name>.debug_info</name>
         <load_address>0x838d</load_address>
         <run_address>0x838d</run_address>
         <size>0x251</size>
         <input_file_ref idref="fl-f"/>
      </object_component>
      <object_component id="oc-e2">
         <name>.debug_info</name>
         <load_address>0x85de</load_address>
         <run_address>0x85de</run_address>
         <size>0x241</size>
         <input_file_ref idref="fl-f"/>
      </object_component>
      <object_component id="oc-a9">
         <name>.debug_info</name>
         <load_address>0x881f</load_address>
         <run_address>0x881f</run_address>
         <size>0x17f</size>
         <input_file_ref idref="fl-1b"/>
      </object_component>
      <object_component id="oc-cc">
         <name>.debug_info</name>
         <load_address>0x899e</load_address>
         <run_address>0x899e</run_address>
         <size>0x158</size>
         <input_file_ref idref="fl-1c"/>
      </object_component>
      <object_component id="oc-9c">
         <name>.debug_info</name>
         <load_address>0x8af6</load_address>
         <run_address>0x8af6</run_address>
         <size>0x127</size>
         <input_file_ref idref="fl-1d"/>
      </object_component>
      <object_component id="oc-8b">
         <name>.debug_info</name>
         <load_address>0x8c1d</load_address>
         <run_address>0x8c1d</run_address>
         <size>0x127</size>
         <input_file_ref idref="fl-1e"/>
      </object_component>
      <object_component id="oc-96">
         <name>.debug_info</name>
         <load_address>0x8d44</load_address>
         <run_address>0x8d44</run_address>
         <size>0x12b</size>
         <input_file_ref idref="fl-20"/>
      </object_component>
      <object_component id="oc-a1">
         <name>.debug_info</name>
         <load_address>0x8e6f</load_address>
         <run_address>0x8e6f</run_address>
         <size>0x12b</size>
         <input_file_ref idref="fl-21"/>
      </object_component>
      <object_component id="oc-146">
         <name>.debug_info</name>
         <load_address>0x8f9a</load_address>
         <run_address>0x8f9a</run_address>
         <size>0x14d</size>
         <input_file_ref idref="fl-22"/>
      </object_component>
      <object_component id="oc-18f">
         <name>.debug_info</name>
         <load_address>0x90e7</load_address>
         <run_address>0x90e7</run_address>
         <size>0x1bf</size>
         <input_file_ref idref="fl-23"/>
      </object_component>
      <object_component id="oc-5c">
         <name>.debug_info</name>
         <load_address>0x92a6</load_address>
         <run_address>0x92a6</run_address>
         <size>0x19f</size>
         <input_file_ref idref="fl-24"/>
      </object_component>
      <object_component id="oc-1a">
         <name>.debug_info</name>
         <load_address>0x9445</load_address>
         <run_address>0x9445</run_address>
         <size>0x1b7</size>
         <input_file_ref idref="fl-25"/>
      </object_component>
      <object_component id="oc-14">
         <name>.debug_info</name>
         <load_address>0x95fc</load_address>
         <run_address>0x95fc</run_address>
         <size>0x219</size>
         <input_file_ref idref="fl-26"/>
      </object_component>
      <object_component id="oc-1c1">
         <name>.debug_info</name>
         <load_address>0x9815</load_address>
         <run_address>0x9815</run_address>
         <size>0x19e</size>
         <input_file_ref idref="fl-27"/>
      </object_component>
      <object_component id="oc-150">
         <name>.debug_info</name>
         <load_address>0x99b3</load_address>
         <run_address>0x99b3</run_address>
         <size>0x1a9</size>
         <input_file_ref idref="fl-27"/>
      </object_component>
      <object_component id="oc-1c4">
         <name>.debug_info</name>
         <load_address>0x9b5c</load_address>
         <run_address>0x9b5c</run_address>
         <size>0x107</size>
         <input_file_ref idref="fl-28"/>
      </object_component>
      <object_component id="oc-23a">
         <name>.debug_info</name>
         <load_address>0x9c63</load_address>
         <run_address>0x9c63</run_address>
         <size>0x10b</size>
         <input_file_ref idref="fl-28"/>
      </object_component>
      <object_component id="oc-1f6">
         <name>.debug_info</name>
         <load_address>0x9d6e</load_address>
         <run_address>0x9d6e</run_address>
         <size>0x203</size>
         <input_file_ref idref="fl-28"/>
      </object_component>
      <object_component id="oc-14a">
         <name>.debug_info</name>
         <load_address>0x9f71</load_address>
         <run_address>0x9f71</run_address>
         <size>0x15d</size>
         <input_file_ref idref="fl-29"/>
      </object_component>
      <object_component id="oc-c5">
         <name>.debug_info</name>
         <load_address>0xa0ce</load_address>
         <run_address>0xa0ce</run_address>
         <size>0x208</size>
         <input_file_ref idref="fl-2a"/>
      </object_component>
      <object_component id="oc-4d">
         <name>.debug_info</name>
         <load_address>0xa2d6</load_address>
         <run_address>0xa2d6</run_address>
         <size>0x19b</size>
         <input_file_ref idref="fl-2c"/>
      </object_component>
      <object_component id="oc-1dc">
         <name>.debug_info</name>
         <load_address>0xa471</load_address>
         <run_address>0xa471</run_address>
         <size>0x147</size>
         <input_file_ref idref="fl-2d"/>
      </object_component>
      <object_component id="oc-290">
         <name>.debug_info</name>
         <load_address>0xa5b8</load_address>
         <run_address>0xa5b8</run_address>
         <size>0xba</size>
      </object_component>
      <object_component id="oc-d2">
         <name>.debug_line</name>
         <load_address>0x0</load_address>
         <run_address>0x0</run_address>
         <size>0x33</size>
         <input_file_ref idref="fl-1"/>
      </object_component>
      <object_component id="oc-136">
         <name>.debug_line</name>
         <load_address>0x33</load_address>
         <run_address>0x33</run_address>
         <size>0x33</size>
         <input_file_ref idref="fl-1"/>
      </object_component>
      <object_component id="oc-134">
         <name>.debug_line</name>
         <load_address>0x66</load_address>
         <run_address>0x66</run_address>
         <size>0x33</size>
         <input_file_ref idref="fl-1"/>
      </object_component>
      <object_component id="oc-132">
         <name>.debug_line</name>
         <load_address>0x99</load_address>
         <run_address>0x99</run_address>
         <size>0x33</size>
         <input_file_ref idref="fl-1"/>
      </object_component>
      <object_component id="oc-da">
         <name>.debug_line</name>
         <load_address>0xcc</load_address>
         <run_address>0xcc</run_address>
         <size>0x33</size>
         <input_file_ref idref="fl-1"/>
      </object_component>
      <object_component id="oc-d4">
         <name>.debug_line</name>
         <load_address>0xff</load_address>
         <run_address>0xff</run_address>
         <size>0x33</size>
         <input_file_ref idref="fl-1"/>
      </object_component>
      <object_component id="oc-d6">
         <name>.debug_line</name>
         <load_address>0x132</load_address>
         <run_address>0x132</run_address>
         <size>0x33</size>
         <input_file_ref idref="fl-1"/>
      </object_component>
      <object_component id="oc-d8">
         <name>.debug_line</name>
         <load_address>0x165</load_address>
         <run_address>0x165</run_address>
         <size>0x33</size>
         <input_file_ref idref="fl-1"/>
      </object_component>
      <object_component id="oc-2d">
         <name>.debug_line</name>
         <load_address>0x198</load_address>
         <run_address>0x198</run_address>
         <size>0x2d0</size>
         <input_file_ref idref="fl-1"/>
      </object_component>
      <object_component id="oc-2a">
         <name>.debug_line</name>
         <load_address>0x468</load_address>
         <run_address>0x468</run_address>
         <size>0x6f</size>
         <input_file_ref idref="fl-1"/>
      </object_component>
      <object_component id="oc-dc">
         <name>.debug_line</name>
         <load_address>0x4d7</load_address>
         <run_address>0x4d7</run_address>
         <size>0x16d</size>
         <input_file_ref idref="fl-1"/>
      </object_component>
      <object_component id="oc-24">
         <name>.debug_line</name>
         <load_address>0x644</load_address>
         <run_address>0x644</run_address>
         <size>0x55</size>
         <input_file_ref idref="fl-2"/>
      </object_component>
      <object_component id="oc-64">
         <name>.debug_line</name>
         <load_address>0x699</load_address>
         <run_address>0x699</run_address>
         <size>0x5d</size>
         <input_file_ref idref="fl-2"/>
      </object_component>
      <object_component id="oc-17c">
         <name>.debug_line</name>
         <load_address>0x6f6</load_address>
         <run_address>0x6f6</run_address>
         <size>0x37</size>
         <input_file_ref idref="fl-3"/>
      </object_component>
      <object_component id="oc-7c">
         <name>.debug_line</name>
         <load_address>0x72d</load_address>
         <run_address>0x72d</run_address>
         <size>0x41d</size>
         <input_file_ref idref="fl-3"/>
      </object_component>
      <object_component id="oc-17e">
         <name>.debug_line</name>
         <load_address>0xb4a</load_address>
         <run_address>0xb4a</run_address>
         <size>0xc5</size>
         <input_file_ref idref="fl-3"/>
      </object_component>
      <object_component id="oc-127">
         <name>.debug_line</name>
         <load_address>0xc0f</load_address>
         <run_address>0xc0f</run_address>
         <size>0x9c</size>
         <input_file_ref idref="fl-c"/>
      </object_component>
      <object_component id="oc-93">
         <name>.debug_line</name>
         <load_address>0xcab</load_address>
         <run_address>0xcab</run_address>
         <size>0x9e</size>
         <input_file_ref idref="fl-c"/>
      </object_component>
      <object_component id="oc-184">
         <name>.debug_line</name>
         <load_address>0xd49</load_address>
         <run_address>0xd49</run_address>
         <size>0xe8</size>
         <input_file_ref idref="fl-c"/>
      </object_component>
      <object_component id="oc-173">
         <name>.debug_line</name>
         <load_address>0xe31</load_address>
         <run_address>0xe31</run_address>
         <size>0x98</size>
         <input_file_ref idref="fl-d"/>
      </object_component>
      <object_component id="oc-fb">
         <name>.debug_line</name>
         <load_address>0xec9</load_address>
         <run_address>0xec9</run_address>
         <size>0xa2</size>
         <input_file_ref idref="fl-d"/>
      </object_component>
      <object_component id="oc-101">
         <name>.debug_line</name>
         <load_address>0xf6b</load_address>
         <run_address>0xf6b</run_address>
         <size>0x9f</size>
         <input_file_ref idref="fl-d"/>
      </object_component>
      <object_component id="oc-10e">
         <name>.debug_line</name>
         <load_address>0x100a</load_address>
         <run_address>0x100a</run_address>
         <size>0x9f</size>
         <input_file_ref idref="fl-d"/>
      </object_component>
      <object_component id="oc-108">
         <name>.debug_line</name>
         <load_address>0x10a9</load_address>
         <run_address>0x10a9</run_address>
         <size>0x9f</size>
         <input_file_ref idref="fl-d"/>
      </object_component>
      <object_component id="oc-1d6">
         <name>.debug_line</name>
         <load_address>0x1148</load_address>
         <run_address>0x1148</run_address>
         <size>0xe4</size>
         <input_file_ref idref="fl-d"/>
      </object_component>
      <object_component id="oc-11f">
         <name>.debug_line</name>
         <load_address>0x122c</load_address>
         <run_address>0x122c</run_address>
         <size>0x9d</size>
         <input_file_ref idref="fl-e"/>
      </object_component>
      <object_component id="oc-118">
         <name>.debug_line</name>
         <load_address>0x12c9</load_address>
         <run_address>0x12c9</run_address>
         <size>0x9d</size>
         <input_file_ref idref="fl-e"/>
      </object_component>
      <object_component id="oc-82">
         <name>.debug_line</name>
         <load_address>0x1366</load_address>
         <run_address>0x1366</run_address>
         <size>0xb8</size>
         <input_file_ref idref="fl-e"/>
      </object_component>
      <object_component id="oc-3b">
         <name>.debug_line</name>
         <load_address>0x141e</load_address>
         <run_address>0x141e</run_address>
         <size>0xa3</size>
         <input_file_ref idref="fl-e"/>
      </object_component>
      <object_component id="oc-41">
         <name>.debug_line</name>
         <load_address>0x14c1</load_address>
         <run_address>0x14c1</run_address>
         <size>0x9b</size>
         <input_file_ref idref="fl-e"/>
      </object_component>
      <object_component id="oc-47">
         <name>.debug_line</name>
         <load_address>0x155c</load_address>
         <run_address>0x155c</run_address>
         <size>0x9b</size>
         <input_file_ref idref="fl-e"/>
      </object_component>
      <object_component id="oc-36">
         <name>.debug_line</name>
         <load_address>0x15f7</load_address>
         <run_address>0x15f7</run_address>
         <size>0xb1</size>
         <input_file_ref idref="fl-e"/>
      </object_component>
      <object_component id="oc-88">
         <name>.debug_line</name>
         <load_address>0x16a8</load_address>
         <run_address>0x16a8</run_address>
         <size>0xb1</size>
         <input_file_ref idref="fl-e"/>
      </object_component>
      <object_component id="oc-138">
         <name>.debug_line</name>
         <load_address>0x1759</load_address>
         <run_address>0x1759</run_address>
         <size>0x21</size>
         <input_file_ref idref="fl-e"/>
      </object_component>
      <object_component id="oc-16b">
         <name>.debug_line</name>
         <load_address>0x177a</load_address>
         <run_address>0x177a</run_address>
         <size>0x9d</size>
         <input_file_ref idref="fl-f"/>
      </object_component>
      <object_component id="oc-15e">
         <name>.debug_line</name>
         <load_address>0x1817</load_address>
         <run_address>0x1817</run_address>
         <size>0x9a</size>
         <input_file_ref idref="fl-f"/>
      </object_component>
      <object_component id="oc-230">
         <name>.debug_line</name>
         <load_address>0x18b1</load_address>
         <run_address>0x18b1</run_address>
         <size>0x9c</size>
         <input_file_ref idref="fl-f"/>
      </object_component>
      <object_component id="oc-245">
         <name>.debug_line</name>
         <load_address>0x194d</load_address>
         <run_address>0x194d</run_address>
         <size>0x9c</size>
         <input_file_ref idref="fl-f"/>
      </object_component>
      <object_component id="oc-21e">
         <name>.debug_line</name>
         <load_address>0x19e9</load_address>
         <run_address>0x19e9</run_address>
         <size>0x9d</size>
         <input_file_ref idref="fl-f"/>
      </object_component>
      <object_component id="oc-206">
         <name>.debug_line</name>
         <load_address>0x1a86</load_address>
         <run_address>0x1a86</run_address>
         <size>0x9d</size>
         <input_file_ref idref="fl-f"/>
      </object_component>
      <object_component id="oc-20c">
         <name>.debug_line</name>
         <load_address>0x1b23</load_address>
         <run_address>0x1b23</run_address>
         <size>0xa1</size>
         <input_file_ref idref="fl-f"/>
      </object_component>
      <object_component id="oc-224">
         <name>.debug_line</name>
         <load_address>0x1bc4</load_address>
         <run_address>0x1bc4</run_address>
         <size>0xa2</size>
         <input_file_ref idref="fl-f"/>
      </object_component>
      <object_component id="oc-212">
         <name>.debug_line</name>
         <load_address>0x1c66</load_address>
         <run_address>0x1c66</run_address>
         <size>0x9d</size>
         <input_file_ref idref="fl-f"/>
      </object_component>
      <object_component id="oc-251">
         <name>.debug_line</name>
         <load_address>0x1d03</load_address>
         <run_address>0x1d03</run_address>
         <size>0x9d</size>
         <input_file_ref idref="fl-f"/>
      </object_component>
      <object_component id="oc-218">
         <name>.debug_line</name>
         <load_address>0x1da0</load_address>
         <run_address>0x1da0</run_address>
         <size>0xa7</size>
         <input_file_ref idref="fl-f"/>
      </object_component>
      <object_component id="oc-22a">
         <name>.debug_line</name>
         <load_address>0x1e47</load_address>
         <run_address>0x1e47</run_address>
         <size>0xa1</size>
         <input_file_ref idref="fl-f"/>
      </object_component>
      <object_component id="oc-ef">
         <name>.debug_line</name>
         <load_address>0x1ee8</load_address>
         <run_address>0x1ee8</run_address>
         <size>0xb4</size>
         <input_file_ref idref="fl-f"/>
      </object_component>
      <object_component id="oc-e5">
         <name>.debug_line</name>
         <load_address>0x1f9c</load_address>
         <run_address>0x1f9c</run_address>
         <size>0x19e</size>
         <input_file_ref idref="fl-f"/>
      </object_component>
      <object_component id="oc-1ce">
         <name>.debug_line</name>
         <load_address>0x213a</load_address>
         <run_address>0x213a</run_address>
         <size>0xd2</size>
         <input_file_ref idref="fl-f"/>
      </object_component>
      <object_component id="oc-161">
         <name>.debug_line</name>
         <load_address>0x220c</load_address>
         <run_address>0x220c</run_address>
         <size>0xbe</size>
         <input_file_ref idref="fl-f"/>
      </object_component>
      <object_component id="oc-f3">
         <name>.debug_line</name>
         <load_address>0x22ca</load_address>
         <run_address>0x22ca</run_address>
         <size>0xa1</size>
         <input_file_ref idref="fl-f"/>
      </object_component>
      <object_component id="oc-e0">
         <name>.debug_line</name>
         <load_address>0x236b</load_address>
         <run_address>0x236b</run_address>
         <size>0xc7</size>
         <input_file_ref idref="fl-f"/>
      </object_component>
      <object_component id="oc-1c9">
         <name>.debug_line</name>
         <load_address>0x2432</load_address>
         <run_address>0x2432</run_address>
         <size>0x14b</size>
         <input_file_ref idref="fl-f"/>
      </object_component>
      <object_component id="oc-a7">
         <name>.debug_line</name>
         <load_address>0x257d</load_address>
         <run_address>0x257d</run_address>
         <size>0x61</size>
         <input_file_ref idref="fl-1b"/>
      </object_component>
      <object_component id="oc-187">
         <name>.debug_line</name>
         <load_address>0x25de</load_address>
         <run_address>0x25de</run_address>
         <size>0x21</size>
         <input_file_ref idref="fl-1b"/>
      </object_component>
      <object_component id="oc-cf">
         <name>.debug_line</name>
         <load_address>0x25ff</load_address>
         <run_address>0x25ff</run_address>
         <size>0x4f</size>
         <input_file_ref idref="fl-1c"/>
      </object_component>
      <object_component id="oc-9f">
         <name>.debug_line</name>
         <load_address>0x264e</load_address>
         <run_address>0x264e</run_address>
         <size>0xa3</size>
         <input_file_ref idref="fl-1d"/>
      </object_component>
      <object_component id="oc-8e">
         <name>.debug_line</name>
         <load_address>0x26f1</load_address>
         <run_address>0x26f1</run_address>
         <size>0xae</size>
         <input_file_ref idref="fl-1e"/>
      </object_component>
      <object_component id="oc-99">
         <name>.debug_line</name>
         <load_address>0x279f</load_address>
         <run_address>0x279f</run_address>
         <size>0x59</size>
         <input_file_ref idref="fl-20"/>
      </object_component>
      <object_component id="oc-a4">
         <name>.debug_line</name>
         <load_address>0x27f8</load_address>
         <run_address>0x27f8</run_address>
         <size>0x5f</size>
         <input_file_ref idref="fl-21"/>
      </object_component>
      <object_component id="oc-143">
         <name>.debug_line</name>
         <load_address>0x2857</load_address>
         <run_address>0x2857</run_address>
         <size>0x3f</size>
         <input_file_ref idref="fl-22"/>
      </object_component>
      <object_component id="oc-1d9">
         <name>.debug_line</name>
         <load_address>0x2896</load_address>
         <run_address>0x2896</run_address>
         <size>0x21</size>
         <input_file_ref idref="fl-22"/>
      </object_component>
      <object_component id="oc-192">
         <name>.debug_line</name>
         <load_address>0x28b7</load_address>
         <run_address>0x28b7</run_address>
         <size>0x74</size>
         <input_file_ref idref="fl-23"/>
      </object_component>
      <object_component id="oc-235">
         <name>.debug_line</name>
         <load_address>0x292b</load_address>
         <run_address>0x292b</run_address>
         <size>0x21</size>
         <input_file_ref idref="fl-23"/>
      </object_component>
      <object_component id="oc-5e">
         <name>.debug_line</name>
         <load_address>0x294c</load_address>
         <run_address>0x294c</run_address>
         <size>0x52</size>
         <input_file_ref idref="fl-24"/>
      </object_component>
      <object_component id="oc-13e">
         <name>.debug_line</name>
         <load_address>0x299e</load_address>
         <run_address>0x299e</run_address>
         <size>0x21</size>
         <input_file_ref idref="fl-24"/>
      </object_component>
      <object_component id="oc-1d">
         <name>.debug_line</name>
         <load_address>0x29bf</load_address>
         <run_address>0x29bf</run_address>
         <size>0x57</size>
         <input_file_ref idref="fl-25"/>
      </object_component>
      <object_component id="oc-c0">
         <name>.debug_line</name>
         <load_address>0x2a16</load_address>
         <run_address>0x2a16</run_address>
         <size>0x21</size>
         <input_file_ref idref="fl-25"/>
      </object_component>
      <object_component id="oc-17">
         <name>.debug_line</name>
         <load_address>0x2a37</load_address>
         <run_address>0x2a37</run_address>
         <size>0x95</size>
         <input_file_ref idref="fl-26"/>
      </object_component>
      <object_component id="oc-bb">
         <name>.debug_line</name>
         <load_address>0x2acc</load_address>
         <run_address>0x2acc</run_address>
         <size>0x21</size>
         <input_file_ref idref="fl-26"/>
      </object_component>
      <object_component id="oc-1f4">
         <name>.debug_line</name>
         <load_address>0x2aed</load_address>
         <run_address>0x2aed</run_address>
         <size>0x2b</size>
         <input_file_ref idref="fl-27"/>
      </object_component>
      <object_component id="oc-153">
         <name>.debug_line</name>
         <load_address>0x2b18</load_address>
         <run_address>0x2b18</run_address>
         <size>0x66</size>
         <input_file_ref idref="fl-27"/>
      </object_component>
      <object_component id="oc-1ff">
         <name>.debug_line</name>
         <load_address>0x2b7e</load_address>
         <run_address>0x2b7e</run_address>
         <size>0x21</size>
         <input_file_ref idref="fl-27"/>
      </object_component>
      <object_component id="oc-1fc">
         <name>.debug_line</name>
         <load_address>0x2b9f</load_address>
         <run_address>0x2b9f</run_address>
         <size>0x2c</size>
         <input_file_ref idref="fl-28"/>
      </object_component>
      <object_component id="oc-25b">
         <name>.debug_line</name>
         <load_address>0x2bcb</load_address>
         <run_address>0x2bcb</run_address>
         <size>0x2c</size>
         <input_file_ref idref="fl-28"/>
      </object_component>
      <object_component id="oc-1f9">
         <name>.debug_line</name>
         <load_address>0x2bf7</load_address>
         <run_address>0x2bf7</run_address>
         <size>0x5f</size>
         <input_file_ref idref="fl-28"/>
      </object_component>
      <object_component id="oc-23e">
         <name>.debug_line</name>
         <load_address>0x2c56</load_address>
         <run_address>0x2c56</run_address>
         <size>0x21</size>
         <input_file_ref idref="fl-28"/>
      </object_component>
      <object_component id="oc-14d">
         <name>.debug_line</name>
         <load_address>0x2c77</load_address>
         <run_address>0x2c77</run_address>
         <size>0x4e</size>
         <input_file_ref idref="fl-29"/>
      </object_component>
      <object_component id="oc-1f1">
         <name>.debug_line</name>
         <load_address>0x2cc5</load_address>
         <run_address>0x2cc5</run_address>
         <size>0x30</size>
         <input_file_ref idref="fl-29"/>
      </object_component>
      <object_component id="oc-c8">
         <name>.debug_line</name>
         <load_address>0x2cf5</load_address>
         <run_address>0x2cf5</run_address>
         <size>0xaf</size>
         <input_file_ref idref="fl-2a"/>
      </object_component>
      <object_component id="oc-18a">
         <name>.debug_line</name>
         <load_address>0x2da4</load_address>
         <run_address>0x2da4</run_address>
         <size>0x21</size>
         <input_file_ref idref="fl-2a"/>
      </object_component>
      <object_component id="oc-50">
         <name>.debug_line</name>
         <load_address>0x2dc5</load_address>
         <run_address>0x2dc5</run_address>
         <size>0x63</size>
         <input_file_ref idref="fl-2c"/>
      </object_component>
      <object_component id="oc-13b">
         <name>.debug_line</name>
         <load_address>0x2e28</load_address>
         <run_address>0x2e28</run_address>
         <size>0x21</size>
         <input_file_ref idref="fl-2c"/>
      </object_component>
      <object_component id="oc-1df">
         <name>.debug_line</name>
         <load_address>0x2e49</load_address>
         <run_address>0x2e49</run_address>
         <size>0x3b</size>
         <input_file_ref idref="fl-2d"/>
      </object_component>
      <object_component id="oc-255">
         <name>.debug_line</name>
         <load_address>0x2e84</load_address>
         <run_address>0x2e84</run_address>
         <size>0x21</size>
         <input_file_ref idref="fl-2d"/>
      </object_component>
      <object_component id="oc-2e">
         <name>.debug_frame</name>
         <load_address>0x0</load_address>
         <run_address>0x0</run_address>
         <size>0x1b8</size>
         <input_file_ref idref="fl-1"/>
      </object_component>
      <object_component id="oc-26">
         <name>.debug_frame</name>
         <load_address>0x1b8</load_address>
         <run_address>0x1b8</run_address>
         <size>0x130</size>
         <input_file_ref idref="fl-1"/>
      </object_component>
      <object_component id="oc-7d">
         <name>.debug_frame</name>
         <load_address>0x2e8</load_address>
         <run_address>0x2e8</run_address>
         <size>0x230</size>
         <input_file_ref idref="fl-3"/>
      </object_component>
      <object_component id="oc-128">
         <name>.debug_frame</name>
         <load_address>0x518</load_address>
         <run_address>0x518</run_address>
         <size>0x44</size>
         <input_file_ref idref="fl-c"/>
      </object_component>
      <object_component id="oc-94">
         <name>.debug_frame</name>
         <load_address>0x55c</load_address>
         <run_address>0x55c</run_address>
         <size>0x44</size>
         <input_file_ref idref="fl-c"/>
      </object_component>
      <object_component id="oc-174">
         <name>.debug_frame</name>
         <load_address>0x5a0</load_address>
         <run_address>0x5a0</run_address>
         <size>0x44</size>
         <input_file_ref idref="fl-d"/>
      </object_component>
      <object_component id="oc-fc">
         <name>.debug_frame</name>
         <load_address>0x5e4</load_address>
         <run_address>0x5e4</run_address>
         <size>0x44</size>
         <input_file_ref idref="fl-d"/>
      </object_component>
      <object_component id="oc-102">
         <name>.debug_frame</name>
         <load_address>0x628</load_address>
         <run_address>0x628</run_address>
         <size>0x44</size>
         <input_file_ref idref="fl-d"/>
      </object_component>
      <object_component id="oc-10a">
         <name>.debug_frame</name>
         <load_address>0x66c</load_address>
         <run_address>0x66c</run_address>
         <size>0x44</size>
         <input_file_ref idref="fl-d"/>
      </object_component>
      <object_component id="oc-104">
         <name>.debug_frame</name>
         <load_address>0x6b0</load_address>
         <run_address>0x6b0</run_address>
         <size>0x44</size>
         <input_file_ref idref="fl-d"/>
      </object_component>
      <object_component id="oc-120">
         <name>.debug_frame</name>
         <load_address>0x6f4</load_address>
         <run_address>0x6f4</run_address>
         <size>0x40</size>
         <input_file_ref idref="fl-e"/>
      </object_component>
      <object_component id="oc-119">
         <name>.debug_frame</name>
         <load_address>0x734</load_address>
         <run_address>0x734</run_address>
         <size>0x40</size>
         <input_file_ref idref="fl-e"/>
      </object_component>
      <object_component id="oc-83">
         <name>.debug_frame</name>
         <load_address>0x774</load_address>
         <run_address>0x774</run_address>
         <size>0x40</size>
         <input_file_ref idref="fl-e"/>
      </object_component>
      <object_component id="oc-3c">
         <name>.debug_frame</name>
         <load_address>0x7b4</load_address>
         <run_address>0x7b4</run_address>
         <size>0x4c</size>
         <input_file_ref idref="fl-e"/>
      </object_component>
      <object_component id="oc-42">
         <name>.debug_frame</name>
         <load_address>0x800</load_address>
         <run_address>0x800</run_address>
         <size>0x48</size>
         <input_file_ref idref="fl-e"/>
      </object_component>
      <object_component id="oc-48">
         <name>.debug_frame</name>
         <load_address>0x848</load_address>
         <run_address>0x848</run_address>
         <size>0x48</size>
         <input_file_ref idref="fl-e"/>
      </object_component>
      <object_component id="oc-37">
         <name>.debug_frame</name>
         <load_address>0x890</load_address>
         <run_address>0x890</run_address>
         <size>0x44</size>
         <input_file_ref idref="fl-e"/>
      </object_component>
      <object_component id="oc-89">
         <name>.debug_frame</name>
         <load_address>0x8d4</load_address>
         <run_address>0x8d4</run_address>
         <size>0x44</size>
         <input_file_ref idref="fl-e"/>
      </object_component>
      <object_component id="oc-167">
         <name>.debug_frame</name>
         <load_address>0x918</load_address>
         <run_address>0x918</run_address>
         <size>0x40</size>
         <input_file_ref idref="fl-f"/>
      </object_component>
      <object_component id="oc-15a">
         <name>.debug_frame</name>
         <load_address>0x958</load_address>
         <run_address>0x958</run_address>
         <size>0x40</size>
         <input_file_ref idref="fl-f"/>
      </object_component>
      <object_component id="oc-22c">
         <name>.debug_frame</name>
         <load_address>0x998</load_address>
         <run_address>0x998</run_address>
         <size>0x40</size>
         <input_file_ref idref="fl-f"/>
      </object_component>
      <object_component id="oc-241">
         <name>.debug_frame</name>
         <load_address>0x9d8</load_address>
         <run_address>0x9d8</run_address>
         <size>0x44</size>
         <input_file_ref idref="fl-f"/>
      </object_component>
      <object_component id="oc-21a">
         <name>.debug_frame</name>
         <load_address>0xa1c</load_address>
         <run_address>0xa1c</run_address>
         <size>0x44</size>
         <input_file_ref idref="fl-f"/>
      </object_component>
      <object_component id="oc-202">
         <name>.debug_frame</name>
         <load_address>0xa60</load_address>
         <run_address>0xa60</run_address>
         <size>0x44</size>
         <input_file_ref idref="fl-f"/>
      </object_component>
      <object_component id="oc-208">
         <name>.debug_frame</name>
         <load_address>0xaa4</load_address>
         <run_address>0xaa4</run_address>
         <size>0x44</size>
         <input_file_ref idref="fl-f"/>
      </object_component>
      <object_component id="oc-220">
         <name>.debug_frame</name>
         <load_address>0xae8</load_address>
         <run_address>0xae8</run_address>
         <size>0x44</size>
         <input_file_ref idref="fl-f"/>
      </object_component>
      <object_component id="oc-20e">
         <name>.debug_frame</name>
         <load_address>0xb2c</load_address>
         <run_address>0xb2c</run_address>
         <size>0x44</size>
         <input_file_ref idref="fl-f"/>
      </object_component>
      <object_component id="oc-24d">
         <name>.debug_frame</name>
         <load_address>0xb70</load_address>
         <run_address>0xb70</run_address>
         <size>0x44</size>
         <input_file_ref idref="fl-f"/>
      </object_component>
      <object_component id="oc-214">
         <name>.debug_frame</name>
         <load_address>0xbb4</load_address>
         <run_address>0xbb4</run_address>
         <size>0x44</size>
         <input_file_ref idref="fl-f"/>
      </object_component>
      <object_component id="oc-226">
         <name>.debug_frame</name>
         <load_address>0xbf8</load_address>
         <run_address>0xbf8</run_address>
         <size>0x40</size>
         <input_file_ref idref="fl-f"/>
      </object_component>
      <object_component id="oc-eb">
         <name>.debug_frame</name>
         <load_address>0xc38</load_address>
         <run_address>0xc38</run_address>
         <size>0x44</size>
         <input_file_ref idref="fl-f"/>
      </object_component>
      <object_component id="oc-e6">
         <name>.debug_frame</name>
         <load_address>0xc7c</load_address>
         <run_address>0xc7c</run_address>
         <size>0x50</size>
         <input_file_ref idref="fl-f"/>
      </object_component>
      <object_component id="oc-1cf">
         <name>.debug_frame</name>
         <load_address>0xccc</load_address>
         <run_address>0xccc</run_address>
         <size>0x44</size>
         <input_file_ref idref="fl-f"/>
      </object_component>
      <object_component id="oc-162">
         <name>.debug_frame</name>
         <load_address>0xd10</load_address>
         <run_address>0xd10</run_address>
         <size>0x44</size>
         <input_file_ref idref="fl-f"/>
      </object_component>
      <object_component id="oc-f4">
         <name>.debug_frame</name>
         <load_address>0xd54</load_address>
         <run_address>0xd54</run_address>
         <size>0x44</size>
         <input_file_ref idref="fl-f"/>
      </object_component>
      <object_component id="oc-e1">
         <name>.debug_frame</name>
         <load_address>0xd98</load_address>
         <run_address>0xd98</run_address>
         <size>0x44</size>
[...]
         <unused_space>0x1000</unused_space>
         <attributes>RWIX</attributes>
         <usage_details>
         </usage_details>
      </memory_area>
      <memory_area display="yes" color="green">
         <name>RAMGS5</name>
         <page_id>0x1</page_id>
         <origin>0x11000</origin>
         <length>0x1000</length>
         <used_space>0x0</used_space>
         <unused_space>0x1000</unused_space>
         <attributes>RWIX</attributes>
         <usage_details>
         </usage_details>
      </memory_area>
      <memory_area display="yes" color="green">
         <name>RAMGS6</name>
         <page_id>0x1</page_id>
         <origin>0x12000</origin>
         <length>0x1000</length>
         <used_space>0x0</used_space>
         <unused_space>0x1000</unused_space>
         <attributes>RWIX</attributes>
         <usage_details>
         </usage_details>
      </memory_area>
      <memory_area display="yes" color="green">
         <name>RAMGS7</name>
         <page_id>0x1</page_id>
         <origin>0x13000</origin>
         <length>0x1000</length>
         <used_space>0x0</used_space>
         <unused_space>0x1000</unused_space>
         <attributes>RWIX</attributes>
         <usage_details>
         </usage_details>
      </memory_area>
      <memory_area display="yes" color="green">
         <name>RAMGS8</name>
         <page_id>0x1</page_id>
         <origin>0x14000</origin>
         <length>0x1000</length>
         <used_space>0x0</used_space>
         <unused_space>0x1000</unused_space>
         <attributes>RWIX</attributes>
         <usage_details>
         </usage_details>
      </memory_area>
      <memory_area display="yes" color="green">
         <name>RAMGS9</name>
         <page_id>0x1</page_id>
         <origin>0x15000</origin>
         <length>0x1000</length>
         <used_space>0x0</used_space>
         <unused_space>0x1000</unused_space>
         <attributes>RWIX</attributes>
         <usage_details>
         </usage_details>
      </memory_area>
      <memory_area display="yes" color="green">
         <name>RAMGS10</name>
         <page_id>0x1</page_id>
         <origin>0x16000</origin>
         <length>0x1000</length>
         <used_space>0x0</used_space>
         <unused_space>0x1000</unused_space>
         <attributes>RWIX</attributes>
         <usage_details>
         </usage_details>
      </memory_area>
      <memory_area display="yes" color="green">
         <name>RAMGS11</name>
         <page_id>0x1</page_id>
         <origin>0x17000</origin>
         <length>0x1000</length>
         <used_space>0x0</used_space>
         <unused_space>0x1000</unused_space>
         <attributes>RWIX</attributes>
         <usage_details>
         </usage_details>
      </memory_area>
      <memory_area display="yes" color="green">
         <name>RAMGS12</name>
         <page_id>0x1</page_id>
         <origin>0x18000</origin>
         <length>0x1000</length>
         <used_space>0x0</used_space>
         <unused_space>0x1000</unused_space>
         <attributes>RWIX</attributes>
         <usage_details>
         </usage_details>
      </memory_area>
      <memory_area display="yes" color="green">
         <name>RAMGS13</name>
         <page_id>0x1</page_id>
         <origin>0x19000</origin>
         <length>0x1000</length>
         <used_space>0x0</used_space>
         <unused_space>0x1000</unused_space>
         <attributes>RWIX</attributes>
         <usage_details>
         </usage_details>
      </memory_area>
      <memory_area display="yes" color="green">
         <name>RAMGS14</name>
         <page_id>0x1</page_id>
         <origin>0x1a000</origin>
         <length>0x1000</length>
         <used_space>0x0</used_space>
         <unused_space>0x1000</unused_space>
         <attributes>RWIX</attributes>
         <usage_details>
         </usage_details>
      </memory_area>
      <memory_area display="yes" color="green">
         <name>RAMGS15</name>
         <page_id>0x1</page_id>
         <origin>0x1b000</origin>
         <length>0xff8</length>
         <used_space>0x0</used_space>
         <unused_space>0xff8</unused_space>
         <attributes>RWIX</attributes>
         <usage_details>
         </usage_details>
      </memory_area>
   </placement_map>
   <cptbl_list>
      <cptbl>
         <name>__TI_cinit_table</name>
         <cprec>
            <name>.data</name>
            <load_address>0x128</load_address>
            <load_size>0xa</load_size>
            <run_address>0xab4c</run_address>
            <run_size>0x10e</run_size>
            <compression>lzss</compression>
         </cprec>
         <cprec>
            <name>.bss.1</name>
            <load_address>0x138</load_address>
            <load_size>0x4</load_size>
            <run_address>0xc000</run_address>
            <run_size>0x1000</run_size>
            <compression>zero_init</compression>
         </cprec>
         <cprec>
            <name>.bss.2</name>
            <load_address>0x13c</load_address>
            <load_size>0x4</load_size>
            <run_address>0xd000</run_address>
            <run_size>0x1000</run_size>
            <compression>zero_init</compression>
         </cprec>
         <cprec>
            <name>.bss.3</name>
            <load_address>0x140</load_address>
            <load_size>0x4</load_size>
            <run_address>0xe000</run_address>
            <run_size>0xc</run_size>
            <compression>zero_init</compression>
         </cprec>
      </cptbl>
   </cptbl_list>
   <handler_table>
      <handler_table_name>__TI_handler_table</handler_table_name>
      <handler>
         <index>0x0</index>
         <name>__TI_zero_init</name>
      </handler>
      <handler>
         <index>0x1</index>
         <name>__TI_decompress_lzss</name>
      </handler>
      <handler>
         <index>0x2</index>
         <name>__TI_decompress_none</name>
      </handler>
   </handler_table>
   <symbol_table>
      <symbol id="sm-1">
         <name>__TI_CINIT_Base</name>
         <value>0x144</value>
      </symbol>
      <symbol id="sm-2">
         <name>__TI_CINIT_Limit</name>
         <value>0x154</value>
      </symbol>
      <symbol id="sm-3">
         <name>__TI_CINIT_Warm</name>
         <value>0x154</value>
      </symbol>
      <symbol id="sm-4">
         <name>__TI_Handler_Table_Base</name>
         <value>0x132</value>
      </symbol>
      <symbol id="sm-5">
         <name>__TI_Handler_Table_Limit</name>
         <value>0x138</value>
      </symbol>
      <symbol id="sm-6">
         <name>__TI_STACK_SIZE</name>
         <value>0x3f8</value>
      </symbol>
      <symbol id="sm-7">
         <name>__TI_STACK_END</name>
         <value>0x7f8</value>
      </symbol>
      <symbol id="sm-8">
         <name>__TI_pprof_out_hndl</name>
         <value>0xffffffff</value>
      </symbol>
      <symbol id="sm-9">
         <name>__TI_prof_data_start</name>
         <value>0xffffffff</value>
      </symbol>
      <symbol id="sm-a">
         <name>__TI_prof_data_size</name>
         <value>0xffffffff</value>
      </symbol>
      <symbol id="sm-82">
         <name>timer0</name>
         <value>0xe008</value>
         <object_component_ref idref="oc-66"/>
      </symbol>
      <symbol id="sm-83">
         <name>signal_FixedP</name>
         <value>0xdc00</value>
         <object_component_ref idref="oc-ab"/>
      </symbol>
      <symbol id="sm-84">
         <name>cpuTimer1ISR</name>
         <value>0xb67c</value>
         <object_component_ref idref="oc-25"/>
      </symbol>
      <symbol id="sm-85">
         <name>cpuTimer1IntCount</name>
         <value>0xe001</value>
         <object_component_ref idref="oc-66"/>
      </symbol>
      <symbol id="sm-86">
         <name>firCoeffs</name>
         <value>0xa800</value>
         <object_component_ref idref="oc-b1"/>
      </symbol>
      <symbol id="sm-87">
         <name>configCPUTimer</name>
         <value>0xb524</value>
         <object_component_ref idref="oc-2b"/>
      </symbol>
      <symbol id="sm-88">
         <name>cpuTimer0ISR</name>
         <value>0xb60e</value>
         <object_component_ref idref="oc-25"/>
      </symbol>
      <symbol id="sm-89">
         <name>buffer1Fixed</name>
         <value>0xd800</value>
         <object_component_ref idref="oc-72"/>
      </symbol>
      <symbol id="sm-8a">
         <name>generateSignal</name>
         <value>0xb561</value>
         <object_component_ref idref="oc-2b"/>
      </symbol>
      <symbol id="sm-8b">
         <name>initCPUTimers</name>
         <value>0xb4f5</value>
         <object_component_ref idref="oc-2b"/>
      </symbol>
      <symbol id="sm-8c">
         <name>main</name>
         <value>0xb4aa</value>
         <object_component_ref idref="oc-2b"/>
      </symbol>
      <symbol id="sm-8d">
         <name>cpuTimer0IntCount</name>
         <value>0xe000</value>
         <object_component_ref idref="oc-66"/>
      </symbol>
      <symbol id="sm-8e">
         <name>Output_Data1</name>
         <value>0xe006</value>
         <object_component_ref idref="oc-66"/>
      </symbol>
      <symbol id="sm-8f">
         <name>filtbuff1</name>
         <value>0xab4c</value>
         <object_component_ref idref="oc-ae"/>
      </symbol>
      <symbol id="sm-90">
         <name>filter1</name>
         <value>0xb5c7</value>
         <object_component_ref idref="oc-2b"/>
      </symbol>
      <symbol id="sm-91">
         <name>buffer1</name>
         <value>0xc800</value>
         <object_component_ref idref="oc-6f"/>
      </symbol>
      <symbol id="sm-92">
         <name>buffer0</name>
         <value>0xc000</value>
         <object_component_ref idref="oc-6c"/>
      </symbol>
      <symbol id="sm-93">
         <name>Input_Data</name>
         <value>0xe004</value>
         <object_component_ref idref="oc-66"/>
      </symbol>
      <symbol id="sm-94">
         <name>signal</name>
         <value>0xd000</value>
         <object_component_ref idref="oc-69"/>
      </symbol>
      <symbol id="sm-a3">
         <name>code_start</name>
         <value>0x0</value>
         <object_component_ref idref="oc-20"/>
      </symbol>
      <symbol id="sm-d5">
         <name>Device_enableAllPeripherals</name>
         <value>0xb0f0</value>
         <object_component_ref idref="oc-78"/>
      </symbol>
      <symbol id="sm-d6">
         <name>Device_initGPIO</name>
         <value>0xb1db</value>
         <object_component_ref idref="oc-78"/>
      </symbol>
      <symbol id="sm-d7">
         <name>Example_Fail</name>
         <value>0xac4e</value>
         <object_component_ref idref="oc-10f"/>
      </symbol>
      <symbol id="sm-d8">
         <name>Example_setResultFail</name>
         <value>0xb3f9</value>
         <object_component_ref idref="oc-78"/>
      </symbol>
      <symbol id="sm-d9">
         <name>Device_bootCPU2</name>
         <value>0xb273</value>
         <object_component_ref idref="oc-78"/>
      </symbol>
      <symbol id="sm-da">
         <name>Device_init</name>
         <value>0xb0ae</value>
         <object_component_ref idref="oc-78"/>
      </symbol>
      <symbol id="sm-db">
         <name>Example_Result</name>
         <value>0xac4a</value>
         <object_component_ref idref="oc-10f"/>
      </symbol>
      <symbol id="sm-dc">
         <name>Device_enableUnbondedGPIOPullups</name>
         <value>0xb22c</value>
         <object_component_ref idref="oc-78"/>
      </symbol>
      <symbol id="sm-dd">
         <name>__error__</name>
         <value>0xb3ed</value>
         <object_component_ref idref="oc-78"/>
      </symbol>
      <symbol id="sm-de">
         <name>Example_setResultPass</name>
         <value>0xb3f4</value>
         <object_component_ref idref="oc-78"/>
      </symbol>
      <symbol id="sm-df">
         <name>Device_configureTMXAnalogTrim</name>
         <value>0xb242</value>
         <object_component_ref idref="oc-78"/>
      </symbol>
      <symbol id="sm-e0">
         <name>Device_enableUnbondedGPIOPullupsFor176Pin</name>
         <value>0xb1fc</value>
         <object_component_ref idref="oc-78"/>
      </symbol>
      <symbol id="sm-e1">
         <name>Example_done</name>
         <value>0xb3fe</value>
         <object_component_ref idref="oc-78"/>
      </symbol>
      <symbol id="sm-e2">
         <name>Example_PassCount</name>
         <value>0xac4c</value>
         <object_component_ref idref="oc-10f"/>
      </symbol>
      <symbol id="sm-e3">
         <name>Device_enableUnbondedGPIOPullupsFor100Pin</name>
         <value>0xb20f</value>
         <object_component_ref idref="oc-78"/>
      </symbol>
      <symbol id="sm-fd">
         <name>CPUTimer_setEmulationMode</name>
         <value>0x86ee</value>
         <object_component_ref idref="oc-8f"/>
      </symbol>
      <symbol id="sm-131">
         <name>GPIO_setQualificationMode</name>
         <value>0x8467</value>
         <object_component_ref idref="oc-fd"/>
      </symbol>
      <symbol id="sm-132">
         <name>GPIO_setDirectionMode</name>
         <value>0x84d5</value>
         <object_component_ref idref="oc-f7"/>
      </symbol>
      <symbol id="sm-133">
         <name>GPIO_setPinConfig</name>
         <value>0x8430</value>
         <object_component_ref idref="oc-103"/>
      </symbol>
      <symbol id="sm-134">
         <name>GPIO_setControllerCore</name>
         <value>0xb7c5</value>
         <object_component_ref idref="oc-109"/>
      </symbol>
      <symbol id="sm-183">
         <name>Interrupt_defaultHandler</name>
         <value>0x86c4</value>
         <object_component_ref idref="oc-31"/>
      </symbol>
      <symbol id="sm-184">
         <name>Interrupt_initModule</name>
         <value>0x83f3</value>
         <object_component_ref idref="oc-7e"/>
      </symbol>
      <symbol id="sm-185">
         <name>Interrupt_nmiHandler</name>
         <value>0x878e</value>
         <object_component_ref idref="oc-43"/>
      </symbol>
      <symbol id="sm-186">
         <name>Interrupt_enable</name>
         <value>0x849e</value>
         <object_component_ref idref="oc-84"/>
      </symbol>
      <symbol id="sm-187">
         <name>Interrupt_initVectorTable</name>
         <value>0x85f4</value>
         <object_component_ref idref="oc-32"/>
      </symbol>
      <symbol id="sm-188">
         <name>Interrupt_illegalOperationHandler</name>
         <value>0x8784</value>
         <object_component_ref idref="oc-3d"/>
      </symbol>
      <symbol id="sm-261">
         <name>SysCtl_delay</name>
         <value>0x123</value>
         <object_component_ref idref="oc-165"/>
      </symbol>
      <symbol id="sm-262">
         <name>SysCtl_getDeviceParametric</name>
         <value>0x828c</value>
         <object_component_ref idref="oc-de"/>
      </symbol>
      <symbol id="sm-263">
         <name>SysCtl_selectXTAL</name>
         <value>0xb6ad</value>
         <object_component_ref idref="oc-1cc"/>
      </symbol>
      <symbol id="sm-264">
         <name>SysCtl_selectOscSource</name>
         <value>0x83ab</value>
         <object_component_ref idref="oc-15f"/>
      </symbol>
      <symbol id="sm-265">
         <name>SysCtl_getLowSpeedClock</name>
         <value>0x8665</value>
         <object_component_ref idref="oc-f1"/>
      </symbol>
      <symbol id="sm-266">
         <name>SysCtl_setClock</name>
         <value>0x8000</value>
         <object_component_ref idref="oc-e4"/>
      </symbol>
      <symbol id="sm-267">
         <name>SysCtl_getClock</name>
         <value>0x835a</value>
         <object_component_ref idref="oc-ea"/>
      </symbol>
      <symbol id="sm-275">
         <name>sinf</name>
         <value>0x82f4</value>
         <object_component_ref idref="oc-a5"/>
      </symbol>
      <symbol id="sm-27f">
         <name>_c_int00</name>
         <value>0x86ad</value>
         <object_component_ref idref="oc-cb"/>
      </symbol>
      <symbol id="sm-280">
         <name>__stack</name>
         <value>0x400</value>
         <object_component_ref idref="oc-49"/>
      </symbol>
      <symbol id="sm-28e">
         <name>__c28xabi_mpyd</name>
         <value>0x8209</value>
         <object_component_ref idref="oc-9b"/>
      </symbol>
      <symbol id="sm-29b">
         <name>__c28xabi_divf</name>
         <value>0xb73d</value>
         <object_component_ref idref="oc-8a"/>
      </symbol>
      <symbol id="sm-2a8">
         <name>__c28xabi_ftod</name>
         <value>0x862f</value>
         <object_component_ref idref="oc-95"/>
      </symbol>
      <symbol id="sm-2b4">
         <name>__c28xabi_dtof</name>
         <value>0x85b2</value>
         <object_component_ref idref="oc-a0"/>
      </symbol>
      <symbol id="sm-2c1">
         <name>_system_pre_init</name>
         <value>0xb7fc</value>
         <object_component_ref idref="oc-142"/>
      </symbol>
      <symbol id="sm-2d0">
         <name>__TI_auto_init_nobinit_nopinit</name>
         <value>0x8536</value>
         <object_component_ref idref="oc-18e"/>
      </symbol>
      <symbol id="sm-2dd">
         <name>__TI_zero_init</name>
         <value>0x87c8</value>
         <object_component_ref idref="oc-5a"/>
      </symbol>
      <symbol id="sm-2ea">
         <name>__TI_decompress_none</name>
         <value>0x87b2</value>
         <object_component_ref idref="oc-19"/>
      </symbol>
      <symbol id="sm-2fe">
         <name>__TI_decompress_lzss</name>
         <value>0x8506</value>
         <object_component_ref idref="oc-13"/>
      </symbol>
      <symbol id="sm-314">
         <name>C$$EXIT</name>
         <value>0x8561</value>
         <object_component_ref idref="oc-14f"/>
      </symbol>
      <symbol id="sm-315">
         <name>abort</name>
         <value>0x8561</value>
         <object_component_ref idref="oc-14f"/>
      </symbol>
      <symbol id="sm-316">
         <name>exit</name>
         <value>0x8563</value>
         <object_component_ref idref="oc-14f"/>
      </symbol>
      <symbol id="sm-317">
         <name>__TI_dtors_ptr</name>
         <value>0xac54</value>
         <object_component_ref idref="oc-1c0"/>
      </symbol>
      <symbol id="sm-318">
         <name>__TI_cleanup_ptr</name>
         <value>0xac52</value>
         <object_component_ref idref="oc-1c0"/>
      </symbol>
      <symbol id="sm-319">
         <name>__TI_enable_exit_profile_output</name>
         <value>0xac50</value>
         <object_component_ref idref="oc-1c0"/>
      </symbol>
      <symbol id="sm-330">
         <name>_nop</name>
         <value>0x87a9</value>
         <object_component_ref idref="oc-1f5"/>
      </symbol>
      <symbol id="sm-331">
         <name>_lock</name>
         <value>0xac56</value>
         <object_component_ref idref="oc-1c3"/>
      </symbol>
      <symbol id="sm-332">
         <name>_unlock</name>
         <value>0xac58</value>
         <object_component_ref idref="oc-239"/>
      </symbol>
      <symbol id="sm-333">
         <name>_register_lock</name>
         <value>0x87a5</value>
         <object_component_ref idref="oc-1f5"/>
      </symbol>
      <symbol id="sm-334">
         <name>_register_unlock</name>
         <value>0x87a1</value>
         <object_component_ref idref="oc-1f5"/>
      </symbol>
      <symbol id="sm-343">
         <name>_args_main</name>
         <value>0x876d</value>
         <object_component_ref idref="oc-149"/>
      </symbol>
      <symbol id="sm-352">
         <name>memset</name>
         <value>0x87c1</value>
         <object_component_ref idref="oc-c4"/>
      </symbol>
      <symbol id="sm-365">
         <name>memcpy</name>
         <value>0x8612</value>
         <object_component_ref idref="oc-4c"/>
      </symbol>
      <symbol id="sm-372">
         <name>_system_post_cinit</name>
         <value>0xb7fe</value>
         <object_component_ref idref="oc-1db"/>
      </symbol>
      <symbol id="sm-374">
         <name>__c_args__</name>
         <value>0x0</value>
      </symbol>
   </symbol_table>
   <title>Link successful</title>
</link_info>
